<!doctype html public "-//w3c//dtd html 4.0 transitional//en">
<html><head>
<title>Static Call Graph - [.\_build\nrf52832_xxaa.axf]</title></head>
<body><HR>
<H1>Static Call Graph for image .\_build\nrf52832_xxaa.axf</H1><HR>
<BR><P>#&#060CALLGRAPH&#062# ARM Linker, 5060300: Last Updated: Wed Mar 14 15:41:10 2018
<BR><P>
<H3>Maximum Stack Usage =        496 bytes + Unknown(Functions without stacksize, Cycles, Untraceable Function Pointers)</H3><H3>
Call chain for Maximum Stack Depth:</H3>
main &rArr; advertising_init &rArr; app_error_handler &rArr; app_error_fault_handler &rArr; nrf_log_frontend_std_4 &rArr; std_n &rArr; nrf_log_frontend_dequeue &rArr; nrf_memobj_put &rArr; nrf_memobj_free &rArr; nrf_balloc_free &rArr; app_util_critical_region_enter &rArr; sd_nvic_critical_region_enter
<P>
<H3>
Functions with no stack information
</H3><UL>
 <LI><a href="#[9]">DebugMon_Handler</a>
</UL>
</UL>
<P>
<H3>
Mutually Recursive functions
</H3> <LI><a href="#[3]">NMI_Handler</a>&nbsp;&nbsp;&nbsp;&rArr;&nbsp;&nbsp;&nbsp;<a href="#[3]">NMI_Handler</a><BR>
 <LI><a href="#[5]">MemoryManagement_Handler</a>&nbsp;&nbsp;&nbsp;&rArr;&nbsp;&nbsp;&nbsp;<a href="#[5]">MemoryManagement_Handler</a><BR>
 <LI><a href="#[6]">BusFault_Handler</a>&nbsp;&nbsp;&nbsp;&rArr;&nbsp;&nbsp;&nbsp;<a href="#[6]">BusFault_Handler</a><BR>
 <LI><a href="#[7]">UsageFault_Handler</a>&nbsp;&nbsp;&nbsp;&rArr;&nbsp;&nbsp;&nbsp;<a href="#[7]">UsageFault_Handler</a><BR>
 <LI><a href="#[8]">SVC_Handler</a>&nbsp;&nbsp;&nbsp;&rArr;&nbsp;&nbsp;&nbsp;<a href="#[8]">SVC_Handler</a><BR>
 <LI><a href="#[a]">PendSV_Handler</a>&nbsp;&nbsp;&nbsp;&rArr;&nbsp;&nbsp;&nbsp;<a href="#[a]">PendSV_Handler</a><BR>
 <LI><a href="#[b]">SysTick_Handler</a>&nbsp;&nbsp;&nbsp;&rArr;&nbsp;&nbsp;&nbsp;<a href="#[b]">SysTick_Handler</a><BR>
 <LI><a href="#[1b]">CCM_AAR_IRQHandler</a>&nbsp;&nbsp;&nbsp;&rArr;&nbsp;&nbsp;&nbsp;<a href="#[1b]">CCM_AAR_IRQHandler</a><BR>
</UL>
<P>
<H3>
Function Pointers
</H3><UL>
 <LI><a href="#[6]">BusFault_Handler</a> from arm_startup_nrf52.o(.text) referenced from arm_startup_nrf52.o(RESET)
 <LI><a href="#[1b]">CCM_AAR_IRQHandler</a> from arm_startup_nrf52.o(.text) referenced from arm_startup_nrf52.o(RESET)
 <LI><a href="#[1f]">COMP_LPCOMP_IRQHandler</a> from arm_startup_nrf52.o(.text) referenced from arm_startup_nrf52.o(RESET)
 <LI><a href="#[9]">DebugMon_Handler</a> from jlink_monitor_isr_arm.o(.text) referenced from arm_startup_nrf52.o(RESET)
 <LI><a href="#[1a]">ECB_IRQHandler</a> from arm_startup_nrf52.o(.text) referenced from arm_startup_nrf52.o(RESET)
 <LI><a href="#[30]">FPU_IRQHandler</a> from arm_startup_nrf52.o(.text) referenced from arm_startup_nrf52.o(RESET)
 <LI><a href="#[12]">GPIOTE_IRQHandler</a> from nrf_drv_gpiote.o(i.GPIOTE_IRQHandler) referenced from arm_startup_nrf52.o(RESET)
 <LI><a href="#[4]">HardFault_Handler</a> from hardfault_handler_keil.o(.emb_text) referenced from arm_startup_nrf52.o(RESET)
 <LI><a href="#[32]">HardFault_c_handler</a> from hardfault_implementation.o(i.HardFault_c_handler) referenced from hardfault_handler_keil.o(.emb_text)
 <LI><a href="#[2f]">I2S_IRQHandler</a> from arm_startup_nrf52.o(.text) referenced from arm_startup_nrf52.o(RESET)
 <LI><a href="#[2a]">MWU_IRQHandler</a> from arm_startup_nrf52.o(.text) referenced from arm_startup_nrf52.o(RESET)
 <LI><a href="#[5]">MemoryManagement_Handler</a> from arm_startup_nrf52.o(.text) referenced from arm_startup_nrf52.o(RESET)
 <LI><a href="#[11]">NFCT_IRQHandler</a> from arm_startup_nrf52.o(.text) referenced from arm_startup_nrf52.o(RESET)
 <LI><a href="#[3]">NMI_Handler</a> from arm_startup_nrf52.o(.text) referenced from arm_startup_nrf52.o(RESET)
 <LI><a href="#[29]">PDM_IRQHandler</a> from arm_startup_nrf52.o(.text) referenced from arm_startup_nrf52.o(RESET)
 <LI><a href="#[c]">POWER_CLOCK_IRQHandler</a> from nrf_drv_clock.o(i.POWER_CLOCK_IRQHandler) referenced from arm_startup_nrf52.o(RESET)
 <LI><a href="#[28]">PWM0_IRQHandler</a> from arm_startup_nrf52.o(.text) referenced from arm_startup_nrf52.o(RESET)
 <LI><a href="#[2b]">PWM1_IRQHandler</a> from arm_startup_nrf52.o(.text) referenced from arm_startup_nrf52.o(RESET)
 <LI><a href="#[2c]">PWM2_IRQHandler</a> from arm_startup_nrf52.o(.text) referenced from arm_startup_nrf52.o(RESET)
 <LI><a href="#[a]">PendSV_Handler</a> from arm_startup_nrf52.o(.text) referenced from arm_startup_nrf52.o(RESET)
 <LI><a href="#[1e]">QDEC_IRQHandler</a> from arm_startup_nrf52.o(.text) referenced from arm_startup_nrf52.o(RESET)
 <LI><a href="#[d]">RADIO_IRQHandler</a> from arm_startup_nrf52.o(.text) referenced from arm_startup_nrf52.o(RESET)
 <LI><a href="#[19]">RNG_IRQHandler</a> from arm_startup_nrf52.o(.text) referenced from arm_startup_nrf52.o(RESET)
 <LI><a href="#[17]">RTC0_IRQHandler</a> from arm_startup_nrf52.o(.text) referenced from arm_startup_nrf52.o(RESET)
 <LI><a href="#[1d]">RTC1_IRQHandler</a> from app_timer.o(i.RTC1_IRQHandler) referenced from arm_startup_nrf52.o(RESET)
 <LI><a href="#[2e]">RTC2_IRQHandler</a> from arm_startup_nrf52.o(.text) referenced from arm_startup_nrf52.o(RESET)
 <LI><a href="#[2]">Reset_Handler</a> from arm_startup_nrf52.o(.text) referenced from arm_startup_nrf52.o(RESET)
 <LI><a href="#[13]">SAADC_IRQHandler</a> from arm_startup_nrf52.o(.text) referenced from arm_startup_nrf52.o(RESET)
 <LI><a href="#[f]">SPIM0_SPIS0_TWIM0_TWIS0_SPI0_TWI0_IRQHandler</a> from arm_startup_nrf52.o(.text) referenced from arm_startup_nrf52.o(RESET)
 <LI><a href="#[10]">SPIM1_SPIS1_TWIM1_TWIS1_SPI1_TWI1_IRQHandler</a> from arm_startup_nrf52.o(.text) referenced from arm_startup_nrf52.o(RESET)
 <LI><a href="#[2d]">SPIM2_SPIS2_SPI2_IRQHandler</a> from arm_startup_nrf52.o(.text) referenced from arm_startup_nrf52.o(RESET)
 <LI><a href="#[8]">SVC_Handler</a> from arm_startup_nrf52.o(.text) referenced from arm_startup_nrf52.o(RESET)
 <LI><a href="#[20]">SWI0_EGU0_IRQHandler</a> from app_timer.o(i.SWI0_EGU0_IRQHandler) referenced from arm_startup_nrf52.o(RESET)
 <LI><a href="#[21]">SWI1_EGU1_IRQHandler</a> from arm_startup_nrf52.o(.text) referenced from arm_startup_nrf52.o(RESET)
 <LI><a href="#[22]">SWI2_EGU2_IRQHandler</a> from nrf_sdh.o(i.SWI2_EGU2_IRQHandler) referenced from arm_startup_nrf52.o(RESET)
 <LI><a href="#[23]">SWI3_EGU3_IRQHandler</a> from arm_startup_nrf52.o(.text) referenced from arm_startup_nrf52.o(RESET)
 <LI><a href="#[24]">SWI4_EGU4_IRQHandler</a> from arm_startup_nrf52.o(.text) referenced from arm_startup_nrf52.o(RESET)
 <LI><a href="#[25]">SWI5_EGU5_IRQHandler</a> from arm_startup_nrf52.o(.text) referenced from arm_startup_nrf52.o(RESET)
 <LI><a href="#[b]">SysTick_Handler</a> from arm_startup_nrf52.o(.text) referenced from arm_startup_nrf52.o(RESET)
 <LI><a href="#[33]">SystemInit</a> from system_nrf52.o(i.SystemInit) referenced from arm_startup_nrf52.o(.text)
 <LI><a href="#[18]">TEMP_IRQHandler</a> from arm_startup_nrf52.o(.text) referenced from arm_startup_nrf52.o(RESET)
 <LI><a href="#[14]">TIMER0_IRQHandler</a> from arm_startup_nrf52.o(.text) referenced from arm_startup_nrf52.o(RESET)
 <LI><a href="#[15]">TIMER1_IRQHandler</a> from arm_startup_nrf52.o(.text) referenced from arm_startup_nrf52.o(RESET)
 <LI><a href="#[16]">TIMER2_IRQHandler</a> from arm_startup_nrf52.o(.text) referenced from arm_startup_nrf52.o(RESET)
 <LI><a href="#[26]">TIMER3_IRQHandler</a> from arm_startup_nrf52.o(.text) referenced from arm_startup_nrf52.o(RESET)
 <LI><a href="#[27]">TIMER4_IRQHandler</a> from arm_startup_nrf52.o(.text) referenced from arm_startup_nrf52.o(RESET)
 <LI><a href="#[e]">UARTE0_UART0_IRQHandler</a> from nrf_drv_uart.o(i.UARTE0_UART0_IRQHandler) referenced from arm_startup_nrf52.o(RESET)
 <LI><a href="#[7]">UsageFault_Handler</a> from arm_startup_nrf52.o(.text) referenced from arm_startup_nrf52.o(RESET)
 <LI><a href="#[1c]">WDT_IRQHandler</a> from arm_startup_nrf52.o(.text) referenced from arm_startup_nrf52.o(RESET)
 <LI><a href="#[34]">__main</a> from entry.o(.ARM.Collect$$$$00000000) referenced from arm_startup_nrf52.o(.text)
 <LI><a href="#[3b]">app_error_fault_handler</a> from app_error_weak.o(i.app_error_fault_handler) referenced from nrf_sdh.o(i.nrf_sdh_enable_request)
 <LI><a href="#[41]">ble_evt_handler</a> from ble_conn_state.o(i.ble_evt_handler) referenced from ble_conn_state.o(sdh_ble_observers0)
 <LI><a href="#[43]">ble_evt_handler</a> from ble_conn_params.o(i.ble_evt_handler) referenced from ble_conn_params.o(sdh_ble_observers1)
 <LI><a href="#[45]">ble_evt_handler</a> from main.o(i.ble_evt_handler) referenced from main.o(sdh_ble_observers3)
 <LI><a href="#[44]">ble_lbs_on_ble_evt</a> from ble_lbs.o(i.ble_lbs_on_ble_evt) referenced from main.o(sdh_ble_observers2)
 <LI><a href="#[1]">button_event_handler</a> from main.o(i.button_event_handler) referenced 2 times from main.o(.data)
 <LI><a href="#[39]">conn_params_error_handler</a> from main.o(i.conn_params_error_handler) referenced from main.o(i.conn_params_init)
 <LI><a href="#[36]">detection_delay_timeout_handler</a> from app_button.o(i.detection_delay_timeout_handler) referenced from app_button.o(i.app_button_init)
 <LI><a href="#[35]">gpiote_event_handler</a> from app_button.o(i.gpiote_event_handler) referenced from app_button.o(i.app_button_init)
 <LI><a href="#[3c]">led_write_handler</a> from main.o(i.led_write_handler) referenced from main.o(i.services_init)
 <LI><a href="#[31]">main</a> from main.o(i.main) referenced from entry9a.o(.ARM.Collect$$$$0000000B)
 <LI><a href="#[42]">nrf_ble_gatt_on_ble_evt</a> from nrf_ble_gatt.o(i.nrf_ble_gatt_on_ble_evt) referenced from main.o(sdh_ble_observers1)
 <LI><a href="#[40]">nrf_log_backend_uart_flush</a> from nrf_log_backend_uart.o(i.nrf_log_backend_uart_flush) referenced from nrf_log_backend_uart.o(.constdata)
 <LI><a href="#[3f]">nrf_log_backend_uart_panic_set</a> from nrf_log_backend_uart.o(i.nrf_log_backend_uart_panic_set) referenced from nrf_log_backend_uart.o(.constdata)
 <LI><a href="#[3e]">nrf_log_backend_uart_put</a> from nrf_log_backend_uart.o(i.nrf_log_backend_uart_put) referenced from nrf_log_backend_uart.o(.constdata)
 <LI><a href="#[47]">nrf_sdh_ble_evts_poll</a> from nrf_sdh_ble.o(i.nrf_sdh_ble_evts_poll) referenced from nrf_sdh_ble.o(sdh_stack_observers0)
 <LI><a href="#[48]">nrf_sdh_soc_evts_poll</a> from nrf_sdh_soc.o(i.nrf_sdh_soc_evts_poll) referenced from nrf_sdh_soc.o(sdh_stack_observers0)
 <LI><a href="#[38]">on_conn_params_evt</a> from main.o(i.on_conn_params_evt) referenced from main.o(i.conn_params_init)
 <LI><a href="#[49]">sd_state_evt_handler</a> from nrf_drv_clock.o(i.sd_state_evt_handler) referenced from nrf_drv_clock.o(sdh_state_observers0)
 <LI><a href="#[3a]">serial_tx</a> from nrf_log_backend_uart.o(i.serial_tx) referenced from nrf_log_backend_uart.o(i.nrf_log_backend_uart_put)
 <LI><a href="#[46]">soc_evt_handler</a> from nrf_drv_clock.o(i.soc_evt_handler) referenced from nrf_drv_clock.o(sdh_soc_observers0)
 <LI><a href="#[3d]">uart_evt_handler</a> from nrf_log_backend_uart.o(i.uart_evt_handler) referenced from nrf_log_backend_uart.o(i.uart_init)
 <LI><a href="#[37]">update_timeout_handler</a> from ble_conn_params.o(i.update_timeout_handler) referenced from ble_conn_params.o(i.ble_conn_params_init)
</UL>
<P>
<H3>
Global Symbols
</H3>
<P><STRONG><a name="[34]"></a>__main</STRONG> (Thumb, 0 bytes, Stack size unknown bytes, entry.o(.ARM.Collect$$$$00000000))
<BR>[Address Reference Count : 1]<UL><LI> arm_startup_nrf52.o(.text)
</UL>
<P><STRONG><a name="[166]"></a>_main_stk</STRONG> (Thumb, 0 bytes, Stack size unknown bytes, entry2.o(.ARM.Collect$$$$00000001))

<P><STRONG><a name="[4a]"></a>_main_scatterload</STRONG> (Thumb, 0 bytes, Stack size unknown bytes, entry5.o(.ARM.Collect$$$$00000004))
<BR><BR>[Calls]<UL><LI><a href="#[4b]">&gt;&gt;</a>&nbsp;&nbsp;&nbsp;__scatterload
</UL>

<P><STRONG><a name="[52]"></a>__main_after_scatterload</STRONG> (Thumb, 0 bytes, Stack size unknown bytes, entry5.o(.ARM.Collect$$$$00000004))
<BR><BR>[Called By]<UL><LI><a href="#[4b]">&gt;&gt;</a>&nbsp;&nbsp;&nbsp;__scatterload
</UL>

<P><STRONG><a name="[167]"></a>_main_clock</STRONG> (Thumb, 0 bytes, Stack size unknown bytes, entry7b.o(.ARM.Collect$$$$00000008))

<P><STRONG><a name="[168]"></a>_main_cpp_init</STRONG> (Thumb, 0 bytes, Stack size unknown bytes, entry8b.o(.ARM.Collect$$$$0000000A))

<P><STRONG><a name="[169]"></a>_main_init</STRONG> (Thumb, 0 bytes, Stack size unknown bytes, entry9a.o(.ARM.Collect$$$$0000000B))

<P><STRONG><a name="[16a]"></a>__rt_final_cpp</STRONG> (Thumb, 0 bytes, Stack size unknown bytes, entry10a.o(.ARM.Collect$$$$0000000D))

<P><STRONG><a name="[16b]"></a>__rt_final_exit</STRONG> (Thumb, 0 bytes, Stack size unknown bytes, entry11a.o(.ARM.Collect$$$$0000000F))

<P><STRONG><a name="[16c]"></a>__asm___12_nrf_memobj_c_9bb9f865__nrf_atomic_internal_mov</STRONG> (Thumb, 24 bytes, Stack size 0 bytes, nrf_memobj.o(.emb_text), UNUSED)

<P><STRONG><a name="[16d]"></a>__asm___12_nrf_memobj_c_9bb9f865__nrf_atomic_internal_orr</STRONG> (Thumb, 26 bytes, Stack size 0 bytes, nrf_memobj.o(.emb_text), UNUSED)

<P><STRONG><a name="[16e]"></a>__asm___12_nrf_memobj_c_9bb9f865__nrf_atomic_internal_and</STRONG> (Thumb, 26 bytes, Stack size 0 bytes, nrf_memobj.o(.emb_text), UNUSED)

<P><STRONG><a name="[16f]"></a>__asm___12_nrf_memobj_c_9bb9f865__nrf_atomic_internal_eor</STRONG> (Thumb, 26 bytes, Stack size 0 bytes, nrf_memobj.o(.emb_text), UNUSED)

<P><STRONG><a name="[13a]"></a>__asm___12_nrf_memobj_c_9bb9f865__nrf_atomic_internal_add</STRONG> (Thumb, 26 bytes, Stack size 0 bytes, nrf_memobj.o(.emb_text))
<BR><BR>[Called By]<UL><LI><a href="#[129]">&gt;&gt;</a>&nbsp;&nbsp;&nbsp;nrf_memobj_get
</UL>

<P><STRONG><a name="[13c]"></a>__asm___12_nrf_memobj_c_9bb9f865__nrf_atomic_internal_sub</STRONG> (Thumb, 26 bytes, Stack size 0 bytes, nrf_memobj.o(.emb_text))
<BR><BR>[Called By]<UL><LI><a href="#[12d]">&gt;&gt;</a>&nbsp;&nbsp;&nbsp;nrf_memobj_put
</UL>

<P><STRONG><a name="[4]"></a>HardFault_Handler</STRONG> (Thumb, 40 bytes, Stack size 0 bytes, hardfault_handler_keil.o(.emb_text))
<BR>[Address Reference Count : 1]<UL><LI> arm_startup_nrf52.o(RESET)
</UL>
<P><STRONG><a name="[170]"></a>__asm___18_nrf_log_frontend_c_bc460776__nrf_atomic_internal_mov</STRONG> (Thumb, 24 bytes, Stack size 0 bytes, nrf_log_frontend.o(.emb_text), UNUSED)

<P><STRONG><a name="[f8]"></a>__asm___18_nrf_log_frontend_c_bc460776__nrf_atomic_internal_orr</STRONG> (Thumb, 26 bytes, Stack size 0 bytes, nrf_log_frontend.o(.emb_text))
<BR><BR>[Called By]<UL><LI><a href="#[f0]">&gt;&gt;</a>&nbsp;&nbsp;&nbsp;nrf_atomic_flag_set
</UL>

<P><STRONG><a name="[f1]"></a>__asm___18_nrf_log_frontend_c_bc460776__nrf_atomic_internal_and</STRONG> (Thumb, 26 bytes, Stack size 0 bytes, nrf_log_frontend.o(.emb_text))
<BR><BR>[Called By]<UL><LI><a href="#[c8]">&gt;&gt;</a>&nbsp;&nbsp;&nbsp;log_skip
</UL>

<P><STRONG><a name="[171]"></a>__asm___18_nrf_log_frontend_c_bc460776__nrf_atomic_internal_eor</STRONG> (Thumb, 26 bytes, Stack size 0 bytes, nrf_log_frontend.o(.emb_text), UNUSED)

<P><STRONG><a name="[172]"></a>__asm___18_nrf_log_frontend_c_bc460776__nrf_atomic_internal_add</STRONG> (Thumb, 26 bytes, Stack size 0 bytes, nrf_log_frontend.o(.emb_text), UNUSED)

<P><STRONG><a name="[173]"></a>__asm___18_nrf_log_frontend_c_bc460776__nrf_atomic_internal_sub</STRONG> (Thumb, 26 bytes, Stack size 0 bytes, nrf_log_frontend.o(.emb_text), UNUSED)

<P><STRONG><a name="[9]"></a>DebugMon_Handler</STRONG> (Thumb, 0 bytes, Stack size unknown bytes, jlink_monitor_isr_arm.o(.text))
<BR><BR>[Stack]<UL><LI>Max Depth = 8 + Unknown Stack Size
<LI>Call Chain = DebugMon_Handler &rArr; JLINK_MONITOR_OnExit
</UL>
<BR>[Calls]<UL><LI><a href="#[4d]">&gt;&gt;</a>&nbsp;&nbsp;&nbsp;JLINK_MONITOR_OnPoll
<LI><a href="#[4e]">&gt;&gt;</a>&nbsp;&nbsp;&nbsp;JLINK_MONITOR_OnExit
<LI><a href="#[4c]">&gt;&gt;</a>&nbsp;&nbsp;&nbsp;JLINK_MONITOR_OnEnter
</UL>
<BR>[Address Reference Count : 1]<UL><LI> arm_startup_nrf52.o(RESET)
</UL>
<P><STRONG><a name="[2]"></a>Reset_Handler</STRONG> (Thumb, 8 bytes, Stack size 0 bytes, arm_startup_nrf52.o(.text))
<BR>[Address Reference Count : 1]<UL><LI> arm_startup_nrf52.o(RESET)
</UL>
<P><STRONG><a name="[3]"></a>NMI_Handler</STRONG> (Thumb, 2 bytes, Stack size 0 bytes, arm_startup_nrf52.o(.text))
<BR><BR>[Calls]<UL><LI><a href="#[3]">&gt;&gt;</a>&nbsp;&nbsp;&nbsp;NMI_Handler
</UL>
<BR>[Called By]<UL><LI><a href="#[3]">&gt;&gt;</a>&nbsp;&nbsp;&nbsp;NMI_Handler
</UL>
<BR>[Address Reference Count : 1]<UL><LI> arm_startup_nrf52.o(RESET)
</UL>
<P><STRONG><a name="[5]"></a>MemoryManagement_Handler</STRONG> (Thumb, 2 bytes, Stack size 0 bytes, arm_startup_nrf52.o(.text))
<BR><BR>[Calls]<UL><LI><a href="#[5]">&gt;&gt;</a>&nbsp;&nbsp;&nbsp;MemoryManagement_Handler
</UL>
<BR>[Called By]<UL><LI><a href="#[5]">&gt;&gt;</a>&nbsp;&nbsp;&nbsp;MemoryManagement_Handler
</UL>
<BR>[Address Reference Count : 1]<UL><LI> arm_startup_nrf52.o(RESET)
</UL>
<P><STRONG><a name="[6]"></a>BusFault_Handler</STRONG> (Thumb, 2 bytes, Stack size 0 bytes, arm_startup_nrf52.o(.text))
<BR><BR>[Calls]<UL><LI><a href="#[6]">&gt;&gt;</a>&nbsp;&nbsp;&nbsp;BusFault_Handler
</UL>
<BR>[Called By]<UL><LI><a href="#[6]">&gt;&gt;</a>&nbsp;&nbsp;&nbsp;BusFault_Handler
</UL>
<BR>[Address Reference Count : 1]<UL><LI> arm_startup_nrf52.o(RESET)
</UL>
<P><STRONG><a name="[7]"></a>UsageFault_Handler</STRONG> (Thumb, 2 bytes, Stack size 0 bytes, arm_startup_nrf52.o(.text))
<BR><BR>[Calls]<UL><LI><a href="#[7]">&gt;&gt;</a>&nbsp;&nbsp;&nbsp;UsageFault_Handler
</UL>
<BR>[Called By]<UL><LI><a href="#[7]">&gt;&gt;</a>&nbsp;&nbsp;&nbsp;UsageFault_Handler
</UL>
<BR>[Address Reference Count : 1]<UL><LI> arm_startup_nrf52.o(RESET)
</UL>
<P><STRONG><a name="[8]"></a>SVC_Handler</STRONG> (Thumb, 2 bytes, Stack size 0 bytes, arm_startup_nrf52.o(.text))
<BR><BR>[Calls]<UL><LI><a href="#[8]">&gt;&gt;</a>&nbsp;&nbsp;&nbsp;SVC_Handler
</UL>
<BR>[Called By]<UL><LI><a href="#[8]">&gt;&gt;</a>&nbsp;&nbsp;&nbsp;SVC_Handler
</UL>
<BR>[Address Reference Count : 1]<UL><LI> arm_startup_nrf52.o(RESET)
</UL>
<P><STRONG><a name="[a]"></a>PendSV_Handler</STRONG> (Thumb, 2 bytes, Stack size 0 bytes, arm_startup_nrf52.o(.text))
<BR><BR>[Calls]<UL><LI><a href="#[a]">&gt;&gt;</a>&nbsp;&nbsp;&nbsp;PendSV_Handler
</UL>
<BR>[Called By]<UL><LI><a href="#[a]">&gt;&gt;</a>&nbsp;&nbsp;&nbsp;PendSV_Handler
</UL>
<BR>[Address Reference Count : 1]<UL><LI> arm_startup_nrf52.o(RESET)
</UL>
<P><STRONG><a name="[b]"></a>SysTick_Handler</STRONG> (Thumb, 2 bytes, Stack size 0 bytes, arm_startup_nrf52.o(.text))
<BR><BR>[Calls]<UL><LI><a href="#[b]">&gt;&gt;</a>&nbsp;&nbsp;&nbsp;SysTick_Handler
</UL>
<BR>[Called By]<UL><LI><a href="#[b]">&gt;&gt;</a>&nbsp;&nbsp;&nbsp;SysTick_Handler
</UL>
<BR>[Address Reference Count : 1]<UL><LI> arm_startup_nrf52.o(RESET)
</UL>
<P><STRONG><a name="[1b]"></a>CCM_AAR_IRQHandler</STRONG> (Thumb, 0 bytes, Stack size 0 bytes, arm_startup_nrf52.o(.text))
<BR><BR>[Calls]<UL><LI><a href="#[1b]">&gt;&gt;</a>&nbsp;&nbsp;&nbsp;CCM_AAR_IRQHandler
</UL>
<BR>[Called By]<UL><LI><a href="#[1b]">&gt;&gt;</a>&nbsp;&nbsp;&nbsp;CCM_AAR_IRQHandler
</UL>
<BR>[Address Reference Count : 1]<UL><LI> arm_startup_nrf52.o(RESET)
</UL>
<P><STRONG><a name="[1f]"></a>COMP_LPCOMP_IRQHandler</STRONG> (Thumb, 0 bytes, Stack size 0 bytes, arm_startup_nrf52.o(.text))
<BR>[Address Reference Count : 1]<UL><LI> arm_startup_nrf52.o(RESET)
</UL>
<P><STRONG><a name="[1a]"></a>ECB_IRQHandler</STRONG> (Thumb, 0 bytes, Stack size 0 bytes, arm_startup_nrf52.o(.text))
<BR>[Address Reference Count : 1]<UL><LI> arm_startup_nrf52.o(RESET)
</UL>
<P><STRONG><a name="[30]"></a>FPU_IRQHandler</STRONG> (Thumb, 0 bytes, Stack size 0 bytes, arm_startup_nrf52.o(.text))
<BR>[Address Reference Count : 1]<UL><LI> arm_startup_nrf52.o(RESET)
</UL>
<P><STRONG><a name="[2f]"></a>I2S_IRQHandler</STRONG> (Thumb, 0 bytes, Stack size 0 bytes, arm_startup_nrf52.o(.text))
<BR>[Address Reference Count : 1]<UL><LI> arm_startup_nrf52.o(RESET)
</UL>
<P><STRONG><a name="[2a]"></a>MWU_IRQHandler</STRONG> (Thumb, 0 bytes, Stack size 0 bytes, arm_startup_nrf52.o(.text))
<BR>[Address Reference Count : 1]<UL><LI> arm_startup_nrf52.o(RESET)
</UL>
<P><STRONG><a name="[11]"></a>NFCT_IRQHandler</STRONG> (Thumb, 0 bytes, Stack size 0 bytes, arm_startup_nrf52.o(.text))
<BR>[Address Reference Count : 1]<UL><LI> arm_startup_nrf52.o(RESET)
</UL>
<P><STRONG><a name="[29]"></a>PDM_IRQHandler</STRONG> (Thumb, 0 bytes, Stack size 0 bytes, arm_startup_nrf52.o(.text))
<BR>[Address Reference Count : 1]<UL><LI> arm_startup_nrf52.o(RESET)
</UL>
<P><STRONG><a name="[28]"></a>PWM0_IRQHandler</STRONG> (Thumb, 0 bytes, Stack size 0 bytes, arm_startup_nrf52.o(.text))
<BR>[Address Reference Count : 1]<UL><LI> arm_startup_nrf52.o(RESET)
</UL>
<P><STRONG><a name="[2b]"></a>PWM1_IRQHandler</STRONG> (Thumb, 0 bytes, Stack size 0 bytes, arm_startup_nrf52.o(.text))
<BR>[Address Reference Count : 1]<UL><LI> arm_startup_nrf52.o(RESET)
</UL>
<P><STRONG><a name="[2c]"></a>PWM2_IRQHandler</STRONG> (Thumb, 0 bytes, Stack size 0 bytes, arm_startup_nrf52.o(.text))
<BR>[Address Reference Count : 1]<UL><LI> arm_startup_nrf52.o(RESET)
</UL>
<P><STRONG><a name="[1e]"></a>QDEC_IRQHandler</STRONG> (Thumb, 0 bytes, Stack size 0 bytes, arm_startup_nrf52.o(.text))
<BR>[Address Reference Count : 1]<UL><LI> arm_startup_nrf52.o(RESET)
</UL>
<P><STRONG><a name="[d]"></a>RADIO_IRQHandler</STRONG> (Thumb, 0 bytes, Stack size 0 bytes, arm_startup_nrf52.o(.text))
<BR>[Address Reference Count : 1]<UL><LI> arm_startup_nrf52.o(RESET)
</UL>
<P><STRONG><a name="[19]"></a>RNG_IRQHandler</STRONG> (Thumb, 0 bytes, Stack size 0 bytes, arm_startup_nrf52.o(.text))
<BR>[Address Reference Count : 1]<UL><LI> arm_startup_nrf52.o(RESET)
</UL>
<P><STRONG><a name="[17]"></a>RTC0_IRQHandler</STRONG> (Thumb, 0 bytes, Stack size 0 bytes, arm_startup_nrf52.o(.text))
<BR>[Address Reference Count : 1]<UL><LI> arm_startup_nrf52.o(RESET)
</UL>
<P><STRONG><a name="[2e]"></a>RTC2_IRQHandler</STRONG> (Thumb, 0 bytes, Stack size 0 bytes, arm_startup_nrf52.o(.text))
<BR>[Address Reference Count : 1]<UL><LI> arm_startup_nrf52.o(RESET)
</UL>
<P><STRONG><a name="[13]"></a>SAADC_IRQHandler</STRONG> (Thumb, 0 bytes, Stack size 0 bytes, arm_startup_nrf52.o(.text))
<BR>[Address Reference Count : 1]<UL><LI> arm_startup_nrf52.o(RESET)
</UL>
<P><STRONG><a name="[f]"></a>SPIM0_SPIS0_TWIM0_TWIS0_SPI0_TWI0_IRQHandler</STRONG> (Thumb, 0 bytes, Stack size 0 bytes, arm_startup_nrf52.o(.text))
<BR>[Address Reference Count : 1]<UL><LI> arm_startup_nrf52.o(RESET)
</UL>
<P><STRONG><a name="[10]"></a>SPIM1_SPIS1_TWIM1_TWIS1_SPI1_TWI1_IRQHandler</STRONG> (Thumb, 0 bytes, Stack size 0 bytes, arm_startup_nrf52.o(.text))
<BR>[Address Reference Count : 1]<UL><LI> arm_startup_nrf52.o(RESET)
</UL>
<P><STRONG><a name="[2d]"></a>SPIM2_SPIS2_SPI2_IRQHandler</STRONG> (Thumb, 0 bytes, Stack size 0 bytes, arm_startup_nrf52.o(.text))
<BR>[Address Reference Count : 1]<UL><LI> arm_startup_nrf52.o(RESET)
</UL>
<P><STRONG><a name="[21]"></a>SWI1_EGU1_IRQHandler</STRONG> (Thumb, 0 bytes, Stack size 0 bytes, arm_startup_nrf52.o(.text))
<BR>[Address Reference Count : 1]<UL><LI> arm_startup_nrf52.o(RESET)
</UL>
<P><STRONG><a name="[23]"></a>SWI3_EGU3_IRQHandler</STRONG> (Thumb, 0 bytes, Stack size 0 bytes, arm_startup_nrf52.o(.text))
<BR>[Address Reference Count : 1]<UL><LI> arm_startup_nrf52.o(RESET)
</UL>
<P><STRONG><a name="[24]"></a>SWI4_EGU4_IRQHandler</STRONG> (Thumb, 0 bytes, Stack size 0 bytes, arm_startup_nrf52.o(.text))
<BR>[Address Reference Count : 1]<UL><LI> arm_startup_nrf52.o(RESET)
</UL>
<P><STRONG><a name="[25]"></a>SWI5_EGU5_IRQHandler</STRONG> (Thumb, 0 bytes, Stack size 0 bytes, arm_startup_nrf52.o(.text))
<BR>[Address Reference Count : 1]<UL><LI> arm_startup_nrf52.o(RESET)
</UL>
<P><STRONG><a name="[18]"></a>TEMP_IRQHandler</STRONG> (Thumb, 0 bytes, Stack size 0 bytes, arm_startup_nrf52.o(.text))
<BR>[Address Reference Count : 1]<UL><LI> arm_startup_nrf52.o(RESET)
</UL>
<P><STRONG><a name="[14]"></a>TIMER0_IRQHandler</STRONG> (Thumb, 0 bytes, Stack size 0 bytes, arm_startup_nrf52.o(.text))
<BR>[Address Reference Count : 1]<UL><LI> arm_startup_nrf52.o(RESET)
</UL>
<P><STRONG><a name="[15]"></a>TIMER1_IRQHandler</STRONG> (Thumb, 0 bytes, Stack size 0 bytes, arm_startup_nrf52.o(.text))
<BR>[Address Reference Count : 1]<UL><LI> arm_startup_nrf52.o(RESET)
</UL>
<P><STRONG><a name="[16]"></a>TIMER2_IRQHandler</STRONG> (Thumb, 0 bytes, Stack size 0 bytes, arm_startup_nrf52.o(.text))
<BR>[Address Reference Count : 1]<UL><LI> arm_startup_nrf52.o(RESET)
</UL>
<P><STRONG><a name="[26]"></a>TIMER3_IRQHandler</STRONG> (Thumb, 0 bytes, Stack size 0 bytes, arm_startup_nrf52.o(.text))
<BR>[Address Reference Count : 1]<UL><LI> arm_startup_nrf52.o(RESET)
</UL>
<P><STRONG><a name="[27]"></a>TIMER4_IRQHandler</STRONG> (Thumb, 0 bytes, Stack size 0 bytes, arm_startup_nrf52.o(.text))
<BR>[Address Reference Count : 1]<UL><LI> arm_startup_nrf52.o(RESET)
</UL>
<P><STRONG><a name="[1c]"></a>WDT_IRQHandler</STRONG> (Thumb, 0 bytes, Stack size 0 bytes, arm_startup_nrf52.o(.text))
<BR>[Address Reference Count : 1]<UL><LI> arm_startup_nrf52.o(RESET)
</UL>
<P><STRONG><a name="[135]"></a>__rt_ctype_table</STRONG> (Thumb, 4 bytes, Stack size 0 bytes, ctype_o.o(.text))
<BR><BR>[Called By]<UL><LI><a href="#[12c]">&gt;&gt;</a>&nbsp;&nbsp;&nbsp;nrf_log_hexdump_entry_process
</UL>

<P><STRONG><a name="[b0]"></a>__aeabi_memcpy</STRONG> (Thumb, 36 bytes, Stack size 0 bytes, memcpya.o(.text))
<BR><BR>[Called By]<UL><LI><a href="#[a9]">&gt;&gt;</a>&nbsp;&nbsp;&nbsp;service_data_encode
<LI><a href="#[a8]">&gt;&gt;</a>&nbsp;&nbsp;&nbsp;manuf_specific_data_encode
<LI><a href="#[45]">&gt;&gt;</a>&nbsp;&nbsp;&nbsp;ble_evt_handler
<LI><a href="#[f5]">&gt;&gt;</a>&nbsp;&nbsp;&nbsp;memobj_op
</UL>

<P><STRONG><a name="[ae]"></a>__aeabi_memcpy4</STRONG> (Thumb, 0 bytes, Stack size 0 bytes, memcpya.o(.text))
<BR><BR>[Called By]<UL><LI><a href="#[ad]">&gt;&gt;</a>&nbsp;&nbsp;&nbsp;ble_conn_params_init
<LI><a href="#[102]">&gt;&gt;</a>&nbsp;&nbsp;&nbsp;on_data_length_update_evt
<LI><a href="#[14e]">&gt;&gt;</a>&nbsp;&nbsp;&nbsp;sdk_mapped_flags_key_list_get
<LI><a href="#[b5]">&gt;&gt;</a>&nbsp;&nbsp;&nbsp;record_purge_disconnected
<LI><a href="#[12f]">&gt;&gt;</a>&nbsp;&nbsp;&nbsp;uart_init
</UL>

<P><STRONG><a name="[174]"></a>__aeabi_memcpy8</STRONG> (Thumb, 0 bytes, Stack size 0 bytes, memcpya.o(.text), UNUSED)

<P><STRONG><a name="[50]"></a>__aeabi_memset</STRONG> (Thumb, 14 bytes, Stack size 0 bytes, memseta.o(.text), UNUSED)
<BR><BR>[Called By]<UL><LI><a href="#[51]">&gt;&gt;</a>&nbsp;&nbsp;&nbsp;_memset$wrapper
<LI><a href="#[4f]">&gt;&gt;</a>&nbsp;&nbsp;&nbsp;__aeabi_memclr
</UL>

<P><STRONG><a name="[175]"></a>__aeabi_memset4</STRONG> (Thumb, 0 bytes, Stack size 0 bytes, memseta.o(.text), UNUSED)

<P><STRONG><a name="[176]"></a>__aeabi_memset8</STRONG> (Thumb, 0 bytes, Stack size 0 bytes, memseta.o(.text), UNUSED)

<P><STRONG><a name="[4f]"></a>__aeabi_memclr</STRONG> (Thumb, 4 bytes, Stack size 0 bytes, memseta.o(.text), UNUSED)
<BR><BR>[Calls]<UL><LI><a href="#[50]">&gt;&gt;</a>&nbsp;&nbsp;&nbsp;__aeabi_memset
</UL>

<P><STRONG><a name="[78]"></a>__aeabi_memclr4</STRONG> (Thumb, 0 bytes, Stack size 0 bytes, memseta.o(.text))
<BR><BR>[Called By]<UL><LI><a href="#[d5]">&gt;&gt;</a>&nbsp;&nbsp;&nbsp;conn_params_init
<LI><a href="#[77]">&gt;&gt;</a>&nbsp;&nbsp;&nbsp;advertising_init
<LI><a href="#[bb]">&gt;&gt;</a>&nbsp;&nbsp;&nbsp;led_char_add
<LI><a href="#[ba]">&gt;&gt;</a>&nbsp;&nbsp;&nbsp;button_char_add
<LI><a href="#[128]">&gt;&gt;</a>&nbsp;&nbsp;&nbsp;nrf_log_backend_serial_put
</UL>

<P><STRONG><a name="[177]"></a>__aeabi_memclr8</STRONG> (Thumb, 0 bytes, Stack size 0 bytes, memseta.o(.text), UNUSED)

<P><STRONG><a name="[51]"></a>_memset$wrapper</STRONG> (Thumb, 18 bytes, Stack size 8 bytes, memseta.o(.text), UNUSED)
<BR><BR>[Calls]<UL><LI><a href="#[50]">&gt;&gt;</a>&nbsp;&nbsp;&nbsp;__aeabi_memset
</UL>

<P><STRONG><a name="[157]"></a>strlen</STRONG> (Thumb, 14 bytes, Stack size 0 bytes, strlen.o(.text))
<BR><BR>[Called By]<UL><LI><a href="#[122]">&gt;&gt;</a>&nbsp;&nbsp;&nbsp;string_print
</UL>

<P><STRONG><a name="[4b]"></a>__scatterload</STRONG> (Thumb, 28 bytes, Stack size 0 bytes, init.o(.text))
<BR><BR>[Calls]<UL><LI><a href="#[52]">&gt;&gt;</a>&nbsp;&nbsp;&nbsp;__main_after_scatterload
</UL>
<BR>[Called By]<UL><LI><a href="#[4a]">&gt;&gt;</a>&nbsp;&nbsp;&nbsp;_main_scatterload
</UL>

<P><STRONG><a name="[178]"></a>__scatterload_rt2</STRONG> (Thumb, 0 bytes, Stack size 0 bytes, init.o(.text), UNUSED)

<P><STRONG><a name="[179]"></a>__decompress</STRONG> (Thumb, 0 bytes, Stack size unknown bytes, __dczerorl2.o(.text), UNUSED)

<P><STRONG><a name="[17a]"></a>__decompress1</STRONG> (Thumb, 86 bytes, Stack size unknown bytes, __dczerorl2.o(.text), UNUSED)

<P><STRONG><a name="[12]"></a>GPIOTE_IRQHandler</STRONG> (Thumb, 554 bytes, Stack size 72 bytes, nrf_drv_gpiote.o(i.GPIOTE_IRQHandler))
<BR><BR>[Stack]<UL><LI>Max Depth = 88<LI>Call Chain = GPIOTE_IRQHandler &rArr; nrf_gpiote_event_clear
</UL>
<BR>[Calls]<UL><LI><a href="#[53]">&gt;&gt;</a>&nbsp;&nbsp;&nbsp;nrf_gpiote_event_is_set
<LI><a href="#[54]">&gt;&gt;</a>&nbsp;&nbsp;&nbsp;nrf_gpiote_event_clear
<LI><a href="#[55]">&gt;&gt;</a>&nbsp;&nbsp;&nbsp;nrf_gpio_ports_read
<LI><a href="#[59]">&gt;&gt;</a>&nbsp;&nbsp;&nbsp;nrf_gpio_cfg_sense_set
<LI><a href="#[57]">&gt;&gt;</a>&nbsp;&nbsp;&nbsp;nrf_bitmask_bit_is_set
<LI><a href="#[58]">&gt;&gt;</a>&nbsp;&nbsp;&nbsp;channel_port_get
<LI><a href="#[56]">&gt;&gt;</a>&nbsp;&nbsp;&nbsp;channel_handler_get
</UL>
<BR>[Address Reference Count : 1]<UL><LI> arm_startup_nrf52.o(RESET)
</UL>
<P><STRONG><a name="[32]"></a>HardFault_c_handler</STRONG> (Thumb, 258 bytes, Stack size 16 bytes, hardfault_implementation.o(i.HardFault_c_handler))
<BR><BR>[Stack]<UL><LI>Max Depth = 312<LI>Call Chain = HardFault_c_handler &rArr; nrf_log_frontend_std_4 &rArr; std_n &rArr; nrf_log_frontend_dequeue &rArr; nrf_memobj_put &rArr; nrf_memobj_free &rArr; nrf_balloc_free &rArr; app_util_critical_region_enter &rArr; sd_nvic_critical_region_enter
</UL>
<BR>[Calls]<UL><LI><a href="#[5f]">&gt;&gt;</a>&nbsp;&nbsp;&nbsp;nrf_log_frontend_std_0
<LI><a href="#[5b]">&gt;&gt;</a>&nbsp;&nbsp;&nbsp;nrf_log_frontend_dequeue
<LI><a href="#[5c]">&gt;&gt;</a>&nbsp;&nbsp;&nbsp;nrf_log_frontend_std_1
<LI><a href="#[5a]">&gt;&gt;</a>&nbsp;&nbsp;&nbsp;nrf_log_panic
<LI><a href="#[5d]">&gt;&gt;</a>&nbsp;&nbsp;&nbsp;nrf_log_frontend_std_4
<LI><a href="#[60]">&gt;&gt;</a>&nbsp;&nbsp;&nbsp;HardFault_process
<LI><a href="#[5e]">&gt;&gt;</a>&nbsp;&nbsp;&nbsp;nrf_log_frontend_std_3
</UL>
<BR>[Address Reference Count : 1]<UL><LI> hardfault_handler_keil.o(.emb_text)
</UL>
<P><STRONG><a name="[60]"></a>HardFault_process</STRONG> (Thumb, 60 bytes, Stack size 0 bytes, hardfault_implementation.o(i.HardFault_process))
<BR><BR>[Called By]<UL><LI><a href="#[32]">&gt;&gt;</a>&nbsp;&nbsp;&nbsp;HardFault_c_handler
</UL>

<P><STRONG><a name="[4c]"></a>JLINK_MONITOR_OnEnter</STRONG> (Thumb, 8 bytes, Stack size 8 bytes, jlink_monitor.o(i.JLINK_MONITOR_OnEnter))
<BR><BR>[Stack]<UL><LI>Max Depth = 8<LI>Call Chain = JLINK_MONITOR_OnEnter
</UL>
<BR>[Calls]<UL><LI><a href="#[61]">&gt;&gt;</a>&nbsp;&nbsp;&nbsp;app_timer_pause
</UL>
<BR>[Called By]<UL><LI><a href="#[9]">&gt;&gt;</a>&nbsp;&nbsp;&nbsp;DebugMon_Handler
</UL>

<P><STRONG><a name="[4e]"></a>JLINK_MONITOR_OnExit</STRONG> (Thumb, 8 bytes, Stack size 8 bytes, jlink_monitor.o(i.JLINK_MONITOR_OnExit))
<BR><BR>[Stack]<UL><LI>Max Depth = 8<LI>Call Chain = JLINK_MONITOR_OnExit
</UL>
<BR>[Calls]<UL><LI><a href="#[62]">&gt;&gt;</a>&nbsp;&nbsp;&nbsp;app_timer_resume
</UL>
<BR>[Called By]<UL><LI><a href="#[9]">&gt;&gt;</a>&nbsp;&nbsp;&nbsp;DebugMon_Handler
</UL>

<P><STRONG><a name="[4d]"></a>JLINK_MONITOR_OnPoll</STRONG> (Thumb, 12 bytes, Stack size 0 bytes, jlink_monitor.o(i.JLINK_MONITOR_OnPoll))
<BR><BR>[Called By]<UL><LI><a href="#[9]">&gt;&gt;</a>&nbsp;&nbsp;&nbsp;DebugMon_Handler
</UL>

<P><STRONG><a name="[c]"></a>POWER_CLOCK_IRQHandler</STRONG> (Thumb, 74 bytes, Stack size 8 bytes, nrf_drv_clock.o(i.POWER_CLOCK_IRQHandler))
<BR><BR>[Stack]<UL><LI>Max Depth = 24<LI>Call Chain = POWER_CLOCK_IRQHandler &rArr; clock_clk_started_notify
</UL>
<BR>[Calls]<UL><LI><a href="#[65]">&gt;&gt;</a>&nbsp;&nbsp;&nbsp;nrf_clock_int_disable
<LI><a href="#[64]">&gt;&gt;</a>&nbsp;&nbsp;&nbsp;nrf_clock_event_clear
<LI><a href="#[63]">&gt;&gt;</a>&nbsp;&nbsp;&nbsp;nrf_clock_event_check
<LI><a href="#[66]">&gt;&gt;</a>&nbsp;&nbsp;&nbsp;clock_clk_started_notify
</UL>
<BR>[Address Reference Count : 1]<UL><LI> arm_startup_nrf52.o(RESET)
</UL>
<P><STRONG><a name="[1d]"></a>RTC1_IRQHandler</STRONG> (Thumb, 44 bytes, Stack size 8 bytes, app_timer.o(i.RTC1_IRQHandler))
<BR><BR>[Stack]<UL><LI>Max Depth = 40<LI>Call Chain = RTC1_IRQHandler &rArr; timer_timeouts_check &rArr; timer_list_handler_sched
</UL>
<BR>[Calls]<UL><LI><a href="#[67]">&gt;&gt;</a>&nbsp;&nbsp;&nbsp;timer_timeouts_check
</UL>
<BR>[Address Reference Count : 1]<UL><LI> arm_startup_nrf52.o(RESET)
</UL>
<P><STRONG><a name="[20]"></a>SWI0_EGU0_IRQHandler</STRONG> (Thumb, 8 bytes, Stack size 8 bytes, app_timer.o(i.SWI0_EGU0_IRQHandler))
<BR><BR>[Stack]<UL><LI>Max Depth = 88<LI>Call Chain = SWI0_EGU0_IRQHandler &rArr; timer_list_handler &rArr; list_insertions_handler &rArr; timer_list_remove
</UL>
<BR>[Calls]<UL><LI><a href="#[68]">&gt;&gt;</a>&nbsp;&nbsp;&nbsp;timer_list_handler
</UL>
<BR>[Address Reference Count : 1]<UL><LI> arm_startup_nrf52.o(RESET)
</UL>
<P><STRONG><a name="[22]"></a>SWI2_EGU2_IRQHandler</STRONG> (Thumb, 8 bytes, Stack size 8 bytes, nrf_sdh.o(i.SWI2_EGU2_IRQHandler))
<BR><BR>[Stack]<UL><LI>Max Depth = 48<LI>Call Chain = SWI2_EGU2_IRQHandler &rArr; nrf_sdh_evts_poll &rArr; nrf_section_iter_init
</UL>
<BR>[Calls]<UL><LI><a href="#[69]">&gt;&gt;</a>&nbsp;&nbsp;&nbsp;nrf_sdh_evts_poll
</UL>
<BR>[Address Reference Count : 1]<UL><LI> arm_startup_nrf52.o(RESET)
</UL>
<P><STRONG><a name="[74]"></a>SystemCoreClockUpdate</STRONG> (Thumb, 8 bytes, Stack size 0 bytes, system_nrf52.o(i.SystemCoreClockUpdate))
<BR><BR>[Called By]<UL><LI><a href="#[33]">&gt;&gt;</a>&nbsp;&nbsp;&nbsp;SystemInit
</UL>

<P><STRONG><a name="[33]"></a>SystemInit</STRONG> (Thumb, 578 bytes, Stack size 8 bytes, system_nrf52.o(i.SystemInit))
<BR><BR>[Stack]<UL><LI>Max Depth = 8<LI>Call Chain = SystemInit
</UL>
<BR>[Calls]<UL><LI><a href="#[74]">&gt;&gt;</a>&nbsp;&nbsp;&nbsp;SystemCoreClockUpdate
<LI><a href="#[71]">&gt;&gt;</a>&nbsp;&nbsp;&nbsp;errata_66
<LI><a href="#[70]">&gt;&gt;</a>&nbsp;&nbsp;&nbsp;errata_57
<LI><a href="#[6f]">&gt;&gt;</a>&nbsp;&nbsp;&nbsp;errata_37
<LI><a href="#[6e]">&gt;&gt;</a>&nbsp;&nbsp;&nbsp;errata_36
<LI><a href="#[6d]">&gt;&gt;</a>&nbsp;&nbsp;&nbsp;errata_32
<LI><a href="#[6c]">&gt;&gt;</a>&nbsp;&nbsp;&nbsp;errata_31
<LI><a href="#[6b]">&gt;&gt;</a>&nbsp;&nbsp;&nbsp;errata_16
<LI><a href="#[73]">&gt;&gt;</a>&nbsp;&nbsp;&nbsp;errata_136
<LI><a href="#[6a]">&gt;&gt;</a>&nbsp;&nbsp;&nbsp;errata_12
<LI><a href="#[72]">&gt;&gt;</a>&nbsp;&nbsp;&nbsp;errata_108
</UL>
<BR>[Address Reference Count : 1]<UL><LI> arm_startup_nrf52.o(.text)
</UL>
<P><STRONG><a name="[e]"></a>UARTE0_UART0_IRQHandler</STRONG> (Thumb, 28 bytes, Stack size 8 bytes, nrf_drv_uart.o(i.UARTE0_UART0_IRQHandler))
<BR><BR>[Stack]<UL><LI>Max Depth = 80<LI>Call Chain = UARTE0_UART0_IRQHandler &rArr; uarte_irq_handler &rArr; tx_done_event
</UL>
<BR>[Calls]<UL><LI><a href="#[75]">&gt;&gt;</a>&nbsp;&nbsp;&nbsp;uarte_irq_handler
<LI><a href="#[76]">&gt;&gt;</a>&nbsp;&nbsp;&nbsp;uart_irq_handler
</UL>
<BR>[Address Reference Count : 1]<UL><LI> arm_startup_nrf52.o(RESET)
</UL>
<P><STRONG><a name="[17b]"></a>__scatterload_copy</STRONG> (Thumb, 14 bytes, Stack size unknown bytes, handlers.o(i.__scatterload_copy), UNUSED)

<P><STRONG><a name="[17c]"></a>__scatterload_null</STRONG> (Thumb, 2 bytes, Stack size unknown bytes, handlers.o(i.__scatterload_null), UNUSED)

<P><STRONG><a name="[17d]"></a>__scatterload_zeroinit</STRONG> (Thumb, 14 bytes, Stack size unknown bytes, handlers.o(i.__scatterload_zeroinit), UNUSED)

<P><STRONG><a name="[7d]"></a>app_button_disable</STRONG> (Thumb, 38 bytes, Stack size 8 bytes, app_button.o(i.app_button_disable))
<BR><BR>[Stack]<UL><LI>Max Depth = 80<LI>Call Chain = app_button_disable &rArr; app_timer_stop &rArr; timer_stop_op_schedule &rArr; app_util_critical_region_enter &rArr; sd_nvic_critical_region_enter
</UL>
<BR>[Calls]<UL><LI><a href="#[7f]">&gt;&gt;</a>&nbsp;&nbsp;&nbsp;app_timer_stop
<LI><a href="#[7e]">&gt;&gt;</a>&nbsp;&nbsp;&nbsp;nrf_drv_gpiote_in_event_disable
</UL>
<BR>[Called By]<UL><LI><a href="#[45]">&gt;&gt;</a>&nbsp;&nbsp;&nbsp;ble_evt_handler
</UL>

<P><STRONG><a name="[80]"></a>app_button_enable</STRONG> (Thumb, 34 bytes, Stack size 8 bytes, app_button.o(i.app_button_enable))
<BR><BR>[Stack]<UL><LI>Max Depth = 56<LI>Call Chain = app_button_enable &rArr; nrf_drv_gpiote_in_event_enable &rArr; nrf_gpiote_event_clear
</UL>
<BR>[Calls]<UL><LI><a href="#[81]">&gt;&gt;</a>&nbsp;&nbsp;&nbsp;nrf_drv_gpiote_in_event_enable
</UL>
<BR>[Called By]<UL><LI><a href="#[45]">&gt;&gt;</a>&nbsp;&nbsp;&nbsp;ble_evt_handler
</UL>

<P><STRONG><a name="[82]"></a>app_button_init</STRONG> (Thumb, 132 bytes, Stack size 32 bytes, app_button.o(i.app_button_init))
<BR><BR>[Stack]<UL><LI>Max Depth = 108<LI>Call Chain = app_button_init &rArr; nrf_drv_gpiote_in_init &rArr; channel_port_alloc
</UL>
<BR>[Calls]<UL><LI><a href="#[86]">&gt;&gt;</a>&nbsp;&nbsp;&nbsp;app_timer_create
<LI><a href="#[83]">&gt;&gt;</a>&nbsp;&nbsp;&nbsp;nrf_drv_gpiote_is_init
<LI><a href="#[84]">&gt;&gt;</a>&nbsp;&nbsp;&nbsp;nrf_drv_gpiote_init
<LI><a href="#[85]">&gt;&gt;</a>&nbsp;&nbsp;&nbsp;nrf_drv_gpiote_in_init
</UL>
<BR>[Called By]<UL><LI><a href="#[cc]">&gt;&gt;</a>&nbsp;&nbsp;&nbsp;buttons_init
</UL>

<P><STRONG><a name="[3b]"></a>app_error_fault_handler</STRONG> (Thumb, 216 bytes, Stack size 32 bytes, app_error_weak.o(i.app_error_fault_handler))
<BR><BR>[Stack]<UL><LI>Max Depth = 328<LI>Call Chain = app_error_fault_handler &rArr; nrf_log_frontend_std_4 &rArr; std_n &rArr; nrf_log_frontend_dequeue &rArr; nrf_memobj_put &rArr; nrf_memobj_free &rArr; nrf_balloc_free &rArr; app_util_critical_region_enter &rArr; sd_nvic_critical_region_enter
</UL>
<BR>[Calls]<UL><LI><a href="#[5f]">&gt;&gt;</a>&nbsp;&nbsp;&nbsp;nrf_log_frontend_std_0
<LI><a href="#[5b]">&gt;&gt;</a>&nbsp;&nbsp;&nbsp;nrf_log_frontend_dequeue
<LI><a href="#[87]">&gt;&gt;</a>&nbsp;&nbsp;&nbsp;nrf_log_frontend_std_2
<LI><a href="#[5c]">&gt;&gt;</a>&nbsp;&nbsp;&nbsp;nrf_log_frontend_std_1
<LI><a href="#[88]">&gt;&gt;</a>&nbsp;&nbsp;&nbsp;nrf_strerror_get
<LI><a href="#[5a]">&gt;&gt;</a>&nbsp;&nbsp;&nbsp;nrf_log_panic
<LI><a href="#[5d]">&gt;&gt;</a>&nbsp;&nbsp;&nbsp;nrf_log_frontend_std_4
<LI><a href="#[89]">&gt;&gt;</a>&nbsp;&nbsp;&nbsp;app_error_save_and_stop
</UL>
<BR>[Called By]<UL><LI><a href="#[7a]">&gt;&gt;</a>&nbsp;&nbsp;&nbsp;app_error_handler
</UL>
<BR>[Address Reference Count : 1]<UL><LI> nrf_sdh.o(i.nrf_sdh_enable_request)
</UL>
<P><STRONG><a name="[7a]"></a>app_error_handler</STRONG> (Thumb, 32 bytes, Stack size 32 bytes, app_error.o(i.app_error_handler))
<BR><BR>[Stack]<UL><LI>Max Depth = 360<LI>Call Chain = app_error_handler &rArr; app_error_fault_handler &rArr; nrf_log_frontend_std_4 &rArr; std_n &rArr; nrf_log_frontend_dequeue &rArr; nrf_memobj_put &rArr; nrf_memobj_free &rArr; nrf_balloc_free &rArr; app_util_critical_region_enter &rArr; sd_nvic_critical_region_enter
</UL>
<BR>[Calls]<UL><LI><a href="#[3b]">&gt;&gt;</a>&nbsp;&nbsp;&nbsp;app_error_fault_handler
</UL>
<BR>[Called By]<UL><LI><a href="#[f2]">&gt;&gt;</a>&nbsp;&nbsp;&nbsp;timers_init
<LI><a href="#[f3]">&gt;&gt;</a>&nbsp;&nbsp;&nbsp;services_init
<LI><a href="#[f4]">&gt;&gt;</a>&nbsp;&nbsp;&nbsp;power_manage
<LI><a href="#[38]">&gt;&gt;</a>&nbsp;&nbsp;&nbsp;on_conn_params_evt
<LI><a href="#[ed]">&gt;&gt;</a>&nbsp;&nbsp;&nbsp;log_init
<LI><a href="#[db]">&gt;&gt;</a>&nbsp;&nbsp;&nbsp;gatt_init
<LI><a href="#[da]">&gt;&gt;</a>&nbsp;&nbsp;&nbsp;gap_params_init
<LI><a href="#[d5]">&gt;&gt;</a>&nbsp;&nbsp;&nbsp;conn_params_init
<LI><a href="#[39]">&gt;&gt;</a>&nbsp;&nbsp;&nbsp;conn_params_error_handler
<LI><a href="#[cc]">&gt;&gt;</a>&nbsp;&nbsp;&nbsp;buttons_init
<LI><a href="#[1]">&gt;&gt;</a>&nbsp;&nbsp;&nbsp;button_event_handler
<LI><a href="#[bf]">&gt;&gt;</a>&nbsp;&nbsp;&nbsp;ble_stack_init
<LI><a href="#[45]">&gt;&gt;</a>&nbsp;&nbsp;&nbsp;ble_evt_handler
<LI><a href="#[7b]">&gt;&gt;</a>&nbsp;&nbsp;&nbsp;advertising_start
<LI><a href="#[77]">&gt;&gt;</a>&nbsp;&nbsp;&nbsp;advertising_init
<LI><a href="#[41]">&gt;&gt;</a>&nbsp;&nbsp;&nbsp;ble_evt_handler
<LI><a href="#[12f]">&gt;&gt;</a>&nbsp;&nbsp;&nbsp;uart_init
<LI><a href="#[3a]">&gt;&gt;</a>&nbsp;&nbsp;&nbsp;serial_tx
<LI><a href="#[48]">&gt;&gt;</a>&nbsp;&nbsp;&nbsp;nrf_sdh_soc_evts_poll
<LI><a href="#[47]">&gt;&gt;</a>&nbsp;&nbsp;&nbsp;nrf_sdh_ble_evts_poll
<LI><a href="#[143]">&gt;&gt;</a>&nbsp;&nbsp;&nbsp;swi_interrupt_priority_workaround
<LI><a href="#[144]">&gt;&gt;</a>&nbsp;&nbsp;&nbsp;softdevices_evt_irq_enable
</UL>

<P><STRONG><a name="[89]"></a>app_error_save_and_stop</STRONG> (Thumb, 132 bytes, Stack size 12 bytes, app_error.o(i.app_error_save_and_stop))
<BR><BR>[Stack]<UL><LI>Max Depth = 12<LI>Call Chain = app_error_save_and_stop
</UL>
<BR>[Called By]<UL><LI><a href="#[3b]">&gt;&gt;</a>&nbsp;&nbsp;&nbsp;app_error_fault_handler
</UL>

<P><STRONG><a name="[86]"></a>app_timer_create</STRONG> (Thumb, 56 bytes, Stack size 8 bytes, app_timer.o(i.app_timer_create))
<BR><BR>[Stack]<UL><LI>Max Depth = 8<LI>Call Chain = app_timer_create
</UL>
<BR>[Called By]<UL><LI><a href="#[ad]">&gt;&gt;</a>&nbsp;&nbsp;&nbsp;ble_conn_params_init
<LI><a href="#[82]">&gt;&gt;</a>&nbsp;&nbsp;&nbsp;app_button_init
</UL>

<P><STRONG><a name="[8a]"></a>app_timer_init</STRONG> (Thumb, 70 bytes, Stack size 8 bytes, app_timer.o(i.app_timer_init))
<BR><BR>[Stack]<UL><LI>Max Depth = 24<LI>Call Chain = app_timer_init &rArr; rtc1_init &rArr; NVIC_SetPriority
</UL>
<BR>[Calls]<UL><LI><a href="#[8b]">&gt;&gt;</a>&nbsp;&nbsp;&nbsp;rtc1_stop
<LI><a href="#[8f]">&gt;&gt;</a>&nbsp;&nbsp;&nbsp;rtc1_init
<LI><a href="#[90]">&gt;&gt;</a>&nbsp;&nbsp;&nbsp;rtc1_counter_get
<LI><a href="#[8d]">&gt;&gt;</a>&nbsp;&nbsp;&nbsp;NVIC_SetPriority
<LI><a href="#[8e]">&gt;&gt;</a>&nbsp;&nbsp;&nbsp;NVIC_EnableIRQ
<LI><a href="#[8c]">&gt;&gt;</a>&nbsp;&nbsp;&nbsp;NVIC_ClearPendingIRQ
</UL>
<BR>[Called By]<UL><LI><a href="#[f2]">&gt;&gt;</a>&nbsp;&nbsp;&nbsp;timers_init
</UL>

<P><STRONG><a name="[61]"></a>app_timer_pause</STRONG> (Thumb, 8 bytes, Stack size 0 bytes, app_timer.o(i.app_timer_pause))
<BR><BR>[Called By]<UL><LI><a href="#[4c]">&gt;&gt;</a>&nbsp;&nbsp;&nbsp;JLINK_MONITOR_OnEnter
</UL>

<P><STRONG><a name="[62]"></a>app_timer_resume</STRONG> (Thumb, 8 bytes, Stack size 0 bytes, app_timer.o(i.app_timer_resume))
<BR><BR>[Called By]<UL><LI><a href="#[4e]">&gt;&gt;</a>&nbsp;&nbsp;&nbsp;JLINK_MONITOR_OnExit
</UL>

<P><STRONG><a name="[91]"></a>app_timer_start</STRONG> (Thumb, 78 bytes, Stack size 24 bytes, app_timer.o(i.app_timer_start))
<BR><BR>[Stack]<UL><LI>Max Depth = 88<LI>Call Chain = app_timer_start &rArr; timer_start_op_schedule &rArr; app_util_critical_region_enter &rArr; sd_nvic_critical_region_enter
</UL>
<BR>[Calls]<UL><LI><a href="#[92]">&gt;&gt;</a>&nbsp;&nbsp;&nbsp;timer_start_op_schedule
</UL>
<BR>[Called By]<UL><LI><a href="#[d6]">&gt;&gt;</a>&nbsp;&nbsp;&nbsp;conn_params_negotiation
<LI><a href="#[35]">&gt;&gt;</a>&nbsp;&nbsp;&nbsp;gpiote_event_handler
</UL>

<P><STRONG><a name="[7f]"></a>app_timer_stop</STRONG> (Thumb, 44 bytes, Stack size 16 bytes, app_timer.o(i.app_timer_stop))
<BR><BR>[Stack]<UL><LI>Max Depth = 72<LI>Call Chain = app_timer_stop &rArr; timer_stop_op_schedule &rArr; app_util_critical_region_enter &rArr; sd_nvic_critical_region_enter
</UL>
<BR>[Calls]<UL><LI><a href="#[93]">&gt;&gt;</a>&nbsp;&nbsp;&nbsp;timer_stop_op_schedule
</UL>
<BR>[Called By]<UL><LI><a href="#[b3]">&gt;&gt;</a>&nbsp;&nbsp;&nbsp;on_write
<LI><a href="#[b2]">&gt;&gt;</a>&nbsp;&nbsp;&nbsp;on_disconnect
<LI><a href="#[7d]">&gt;&gt;</a>&nbsp;&nbsp;&nbsp;app_button_disable
<LI><a href="#[35]">&gt;&gt;</a>&nbsp;&nbsp;&nbsp;gpiote_event_handler
</UL>

<P><STRONG><a name="[94]"></a>app_util_critical_region_enter</STRONG> (Thumb, 12 bytes, Stack size 8 bytes, app_util_platform.o(i.app_util_critical_region_enter))
<BR><BR>[Stack]<UL><LI>Max Depth = 24<LI>Call Chain = app_util_critical_region_enter &rArr; sd_nvic_critical_region_enter
</UL>
<BR>[Calls]<UL><LI><a href="#[95]">&gt;&gt;</a>&nbsp;&nbsp;&nbsp;sd_nvic_critical_region_enter
</UL>
<BR>[Called By]<UL><LI><a href="#[5b]">&gt;&gt;</a>&nbsp;&nbsp;&nbsp;nrf_log_frontend_dequeue
<LI><a href="#[106]">&gt;&gt;</a>&nbsp;&nbsp;&nbsp;nrf_drv_clock_lfclk_release
<LI><a href="#[49]">&gt;&gt;</a>&nbsp;&nbsp;&nbsp;sd_state_evt_handler
<LI><a href="#[93]">&gt;&gt;</a>&nbsp;&nbsp;&nbsp;timer_stop_op_schedule
<LI><a href="#[92]">&gt;&gt;</a>&nbsp;&nbsp;&nbsp;timer_start_op_schedule
<LI><a href="#[fb]">&gt;&gt;</a>&nbsp;&nbsp;&nbsp;nrf_balloc_free
<LI><a href="#[f9]">&gt;&gt;</a>&nbsp;&nbsp;&nbsp;nrf_balloc_alloc
<LI><a href="#[c7]">&gt;&gt;</a>&nbsp;&nbsp;&nbsp;buf_prealloc
</UL>

<P><STRONG><a name="[96]"></a>app_util_critical_region_exit</STRONG> (Thumb, 62 bytes, Stack size 16 bytes, app_util_platform.o(i.app_util_critical_region_exit))
<BR><BR>[Stack]<UL><LI>Max Depth = 16<LI>Call Chain = app_util_critical_region_exit
</UL>
<BR>[Calls]<UL><LI><a href="#[97]">&gt;&gt;</a>&nbsp;&nbsp;&nbsp;__sd_nvic_irq_disable
</UL>
<BR>[Called By]<UL><LI><a href="#[5b]">&gt;&gt;</a>&nbsp;&nbsp;&nbsp;nrf_log_frontend_dequeue
<LI><a href="#[106]">&gt;&gt;</a>&nbsp;&nbsp;&nbsp;nrf_drv_clock_lfclk_release
<LI><a href="#[49]">&gt;&gt;</a>&nbsp;&nbsp;&nbsp;sd_state_evt_handler
<LI><a href="#[93]">&gt;&gt;</a>&nbsp;&nbsp;&nbsp;timer_stop_op_schedule
<LI><a href="#[92]">&gt;&gt;</a>&nbsp;&nbsp;&nbsp;timer_start_op_schedule
<LI><a href="#[fb]">&gt;&gt;</a>&nbsp;&nbsp;&nbsp;nrf_balloc_free
<LI><a href="#[f9]">&gt;&gt;</a>&nbsp;&nbsp;&nbsp;nrf_balloc_alloc
<LI><a href="#[c7]">&gt;&gt;</a>&nbsp;&nbsp;&nbsp;buf_prealloc
</UL>

<P><STRONG><a name="[a2]"></a>ble_advdata_encode</STRONG> (Thumb, 364 bytes, Stack size 32 bytes, ble_advdata.o(i.ble_advdata_encode))
<BR><BR>[Stack]<UL><LI>Max Depth = 128<LI>Call Chain = ble_advdata_encode &rArr; uuid_list_encode &rArr; uuid_list_sized_encode
</UL>
<BR>[Calls]<UL><LI><a href="#[a6]">&gt;&gt;</a>&nbsp;&nbsp;&nbsp;uuid_list_encode
<LI><a href="#[a5]">&gt;&gt;</a>&nbsp;&nbsp;&nbsp;tx_power_level_encode
<LI><a href="#[a9]">&gt;&gt;</a>&nbsp;&nbsp;&nbsp;service_data_encode
<LI><a href="#[aa]">&gt;&gt;</a>&nbsp;&nbsp;&nbsp;name_encode
<LI><a href="#[a8]">&gt;&gt;</a>&nbsp;&nbsp;&nbsp;manuf_specific_data_encode
<LI><a href="#[a4]">&gt;&gt;</a>&nbsp;&nbsp;&nbsp;flags_encode
<LI><a href="#[a7]">&gt;&gt;</a>&nbsp;&nbsp;&nbsp;conn_int_encode
<LI><a href="#[a3]">&gt;&gt;</a>&nbsp;&nbsp;&nbsp;ble_device_addr_encode
<LI><a href="#[98]">&gt;&gt;</a>&nbsp;&nbsp;&nbsp;appearance_encode
</UL>
<BR>[Called By]<UL><LI><a href="#[79]">&gt;&gt;</a>&nbsp;&nbsp;&nbsp;ble_advdata_set
</UL>

<P><STRONG><a name="[79]"></a>ble_advdata_set</STRONG> (Thumb, 148 bytes, Stack size 96 bytes, ble_advdata.o(i.ble_advdata_set))
<BR><BR>[Stack]<UL><LI>Max Depth = 224<LI>Call Chain = ble_advdata_set &rArr; ble_advdata_encode &rArr; uuid_list_encode &rArr; uuid_list_sized_encode
</UL>
<BR>[Calls]<UL><LI><a href="#[a2]">&gt;&gt;</a>&nbsp;&nbsp;&nbsp;ble_advdata_encode
<LI><a href="#[ac]">&gt;&gt;</a>&nbsp;&nbsp;&nbsp;srdata_check
<LI><a href="#[ab]">&gt;&gt;</a>&nbsp;&nbsp;&nbsp;advdata_check
</UL>
<BR>[Called By]<UL><LI><a href="#[77]">&gt;&gt;</a>&nbsp;&nbsp;&nbsp;advertising_init
</UL>

<P><STRONG><a name="[ad]"></a>ble_conn_params_init</STRONG> (Thumb, 136 bytes, Stack size 24 bytes, ble_conn_params.o(i.ble_conn_params_init))
<BR><BR>[Stack]<UL><LI>Max Depth = 32<LI>Call Chain = ble_conn_params_init &rArr; app_timer_create
</UL>
<BR>[Calls]<UL><LI><a href="#[86]">&gt;&gt;</a>&nbsp;&nbsp;&nbsp;app_timer_create
<LI><a href="#[ae]">&gt;&gt;</a>&nbsp;&nbsp;&nbsp;__aeabi_memcpy4
</UL>
<BR>[Called By]<UL><LI><a href="#[d5]">&gt;&gt;</a>&nbsp;&nbsp;&nbsp;conn_params_init
</UL>

<P><STRONG><a name="[b9]"></a>ble_lbs_init</STRONG> (Thumb, 120 bytes, Stack size 40 bytes, ble_lbs.o(i.ble_lbs_init))
<BR><BR>[Stack]<UL><LI>Max Depth = 112<LI>Call Chain = ble_lbs_init &rArr; led_char_add
</UL>
<BR>[Calls]<UL><LI><a href="#[bb]">&gt;&gt;</a>&nbsp;&nbsp;&nbsp;led_char_add
<LI><a href="#[ba]">&gt;&gt;</a>&nbsp;&nbsp;&nbsp;button_char_add
</UL>
<BR>[Called By]<UL><LI><a href="#[f3]">&gt;&gt;</a>&nbsp;&nbsp;&nbsp;services_init
</UL>

<P><STRONG><a name="[44]"></a>ble_lbs_on_ble_evt</STRONG> (Thumb, 30 bytes, Stack size 16 bytes, ble_lbs.o(i.ble_lbs_on_ble_evt))
<BR><BR>[Stack]<UL><LI>Max Depth = 32<LI>Call Chain = ble_lbs_on_ble_evt &rArr; on_write
</UL>
<BR>[Calls]<UL><LI><a href="#[bc]">&gt;&gt;</a>&nbsp;&nbsp;&nbsp;on_write
</UL>
<BR>[Address Reference Count : 1]<UL><LI> main.o(sdh_ble_observers2)
</UL>
<P><STRONG><a name="[cb]"></a>ble_lbs_on_button_change</STRONG> (Thumb, 52 bytes, Stack size 48 bytes, ble_lbs.o(i.ble_lbs_on_button_change))
<BR><BR>[Stack]<UL><LI>Max Depth = 48<LI>Call Chain = ble_lbs_on_button_change
</UL>
<BR>[Called By]<UL><LI><a href="#[1]">&gt;&gt;</a>&nbsp;&nbsp;&nbsp;button_event_handler
</UL>

<P><STRONG><a name="[bd]"></a>ble_srv_is_notification_enabled</STRONG> (Thumb, 18 bytes, Stack size 16 bytes, ble_srv_common.o(i.ble_srv_is_notification_enabled))
<BR><BR>[Stack]<UL><LI>Max Depth = 16<LI>Call Chain = ble_srv_is_notification_enabled
</UL>
<BR>[Calls]<UL><LI><a href="#[be]">&gt;&gt;</a>&nbsp;&nbsp;&nbsp;uint16_decode
</UL>
<BR>[Called By]<UL><LI><a href="#[b3]">&gt;&gt;</a>&nbsp;&nbsp;&nbsp;on_write
</UL>

<P><STRONG><a name="[af]"></a>bsp_board_led_off</STRONG> (Thumb, 16 bytes, Stack size 8 bytes, boards.o(i.bsp_board_led_off))
<BR><BR>[Stack]<UL><LI>Max Depth = 16<LI>Call Chain = bsp_board_led_off &rArr; nrf_gpio_pin_write
</UL>
<BR>[Calls]<UL><LI><a href="#[c3]">&gt;&gt;</a>&nbsp;&nbsp;&nbsp;nrf_gpio_pin_write
</UL>
<BR>[Called By]<UL><LI><a href="#[c6]">&gt;&gt;</a>&nbsp;&nbsp;&nbsp;bsp_board_leds_off
<LI><a href="#[3c]">&gt;&gt;</a>&nbsp;&nbsp;&nbsp;led_write_handler
<LI><a href="#[45]">&gt;&gt;</a>&nbsp;&nbsp;&nbsp;ble_evt_handler
</UL>

<P><STRONG><a name="[7c]"></a>bsp_board_led_on</STRONG> (Thumb, 16 bytes, Stack size 8 bytes, boards.o(i.bsp_board_led_on))
<BR><BR>[Stack]<UL><LI>Max Depth = 16<LI>Call Chain = bsp_board_led_on &rArr; nrf_gpio_pin_write
</UL>
<BR>[Calls]<UL><LI><a href="#[c3]">&gt;&gt;</a>&nbsp;&nbsp;&nbsp;nrf_gpio_pin_write
</UL>
<BR>[Called By]<UL><LI><a href="#[3c]">&gt;&gt;</a>&nbsp;&nbsp;&nbsp;led_write_handler
<LI><a href="#[45]">&gt;&gt;</a>&nbsp;&nbsp;&nbsp;ble_evt_handler
<LI><a href="#[7b]">&gt;&gt;</a>&nbsp;&nbsp;&nbsp;advertising_start
</UL>

<P><STRONG><a name="[c4]"></a>bsp_board_leds_init</STRONG> (Thumb, 42 bytes, Stack size 24 bytes, boards.o(i.bsp_board_leds_init))
<BR><BR>[Stack]<UL><LI>Max Depth = 48<LI>Call Chain = bsp_board_leds_init &rArr; bsp_board_leds_off &rArr; bsp_board_led_off &rArr; nrf_gpio_pin_write
</UL>
<BR>[Calls]<UL><LI><a href="#[c6]">&gt;&gt;</a>&nbsp;&nbsp;&nbsp;bsp_board_leds_off
<LI><a href="#[c5]">&gt;&gt;</a>&nbsp;&nbsp;&nbsp;nrf_gpio_cfg
</UL>
<BR>[Called By]<UL><LI><a href="#[e6]">&gt;&gt;</a>&nbsp;&nbsp;&nbsp;leds_init
</UL>

<P><STRONG><a name="[c6]"></a>bsp_board_leds_off</STRONG> (Thumb, 20 bytes, Stack size 8 bytes, boards.o(i.bsp_board_leds_off))
<BR><BR>[Stack]<UL><LI>Max Depth = 24<LI>Call Chain = bsp_board_leds_off &rArr; bsp_board_led_off &rArr; nrf_gpio_pin_write
</UL>
<BR>[Calls]<UL><LI><a href="#[af]">&gt;&gt;</a>&nbsp;&nbsp;&nbsp;bsp_board_led_off
</UL>
<BR>[Called By]<UL><LI><a href="#[c4]">&gt;&gt;</a>&nbsp;&nbsp;&nbsp;bsp_board_leds_init
</UL>

<P><STRONG><a name="[130]"></a>buffer_is_empty</STRONG> (Thumb, 20 bytes, Stack size 0 bytes, nrf_log_frontend.o(i.buffer_is_empty))
<BR><BR>[Called By]<UL><LI><a href="#[5b]">&gt;&gt;</a>&nbsp;&nbsp;&nbsp;nrf_log_frontend_dequeue
</UL>

<P><STRONG><a name="[31]"></a>main</STRONG> (Thumb, 112 bytes, Stack size 0 bytes, main.o(i.main))
<BR><BR>[Stack]<UL><LI>Max Depth = 496<LI>Call Chain = main &rArr; advertising_init &rArr; app_error_handler &rArr; app_error_fault_handler &rArr; nrf_log_frontend_std_4 &rArr; std_n &rArr; nrf_log_frontend_dequeue &rArr; nrf_memobj_put &rArr; nrf_memobj_free &rArr; nrf_balloc_free &rArr; app_util_critical_region_enter &rArr; sd_nvic_critical_region_enter
</UL>
<BR>[Calls]<UL><LI><a href="#[5f]">&gt;&gt;</a>&nbsp;&nbsp;&nbsp;nrf_log_frontend_std_0
<LI><a href="#[5b]">&gt;&gt;</a>&nbsp;&nbsp;&nbsp;nrf_log_frontend_dequeue
<LI><a href="#[f2]">&gt;&gt;</a>&nbsp;&nbsp;&nbsp;timers_init
<LI><a href="#[f3]">&gt;&gt;</a>&nbsp;&nbsp;&nbsp;services_init
<LI><a href="#[f4]">&gt;&gt;</a>&nbsp;&nbsp;&nbsp;power_manage
<LI><a href="#[ed]">&gt;&gt;</a>&nbsp;&nbsp;&nbsp;log_init
<LI><a href="#[e6]">&gt;&gt;</a>&nbsp;&nbsp;&nbsp;leds_init
<LI><a href="#[db]">&gt;&gt;</a>&nbsp;&nbsp;&nbsp;gatt_init
<LI><a href="#[da]">&gt;&gt;</a>&nbsp;&nbsp;&nbsp;gap_params_init
<LI><a href="#[d5]">&gt;&gt;</a>&nbsp;&nbsp;&nbsp;conn_params_init
<LI><a href="#[cc]">&gt;&gt;</a>&nbsp;&nbsp;&nbsp;buttons_init
<LI><a href="#[bf]">&gt;&gt;</a>&nbsp;&nbsp;&nbsp;ble_stack_init
<LI><a href="#[7b]">&gt;&gt;</a>&nbsp;&nbsp;&nbsp;advertising_start
<LI><a href="#[77]">&gt;&gt;</a>&nbsp;&nbsp;&nbsp;advertising_init
</UL>
<BR>[Address Reference Count : 1]<UL><LI> entry9a.o(.ARM.Collect$$$$0000000B)
</UL>
<P><STRONG><a name="[f9]"></a>nrf_balloc_alloc</STRONG> (Thumb, 82 bytes, Stack size 24 bytes, nrf_balloc.o(i.nrf_balloc_alloc))
<BR><BR>[Stack]<UL><LI>Max Depth = 48<LI>Call Chain = nrf_balloc_alloc &rArr; app_util_critical_region_enter &rArr; sd_nvic_critical_region_enter
</UL>
<BR>[Calls]<UL><LI><a href="#[96]">&gt;&gt;</a>&nbsp;&nbsp;&nbsp;app_util_critical_region_exit
<LI><a href="#[94]">&gt;&gt;</a>&nbsp;&nbsp;&nbsp;app_util_critical_region_enter
<LI><a href="#[fa]">&gt;&gt;</a>&nbsp;&nbsp;&nbsp;nrf_balloc_idx2block
</UL>
<BR>[Called By]<UL><LI><a href="#[131]">&gt;&gt;</a>&nbsp;&nbsp;&nbsp;nrf_memobj_alloc
</UL>

<P><STRONG><a name="[fb]"></a>nrf_balloc_free</STRONG> (Thumb, 48 bytes, Stack size 24 bytes, nrf_balloc.o(i.nrf_balloc_free))
<BR><BR>[Stack]<UL><LI>Max Depth = 48<LI>Call Chain = nrf_balloc_free &rArr; app_util_critical_region_enter &rArr; sd_nvic_critical_region_enter
</UL>
<BR>[Calls]<UL><LI><a href="#[96]">&gt;&gt;</a>&nbsp;&nbsp;&nbsp;app_util_critical_region_exit
<LI><a href="#[94]">&gt;&gt;</a>&nbsp;&nbsp;&nbsp;app_util_critical_region_enter
<LI><a href="#[fc]">&gt;&gt;</a>&nbsp;&nbsp;&nbsp;nrf_balloc_block2idx
</UL>
<BR>[Called By]<UL><LI><a href="#[139]">&gt;&gt;</a>&nbsp;&nbsp;&nbsp;nrf_memobj_free
</UL>

<P><STRONG><a name="[13b]"></a>nrf_balloc_init</STRONG> (Thumb, 60 bytes, Stack size 8 bytes, nrf_balloc.o(i.nrf_balloc_init))
<BR><BR>[Stack]<UL><LI>Max Depth = 8<LI>Call Chain = nrf_balloc_init
</UL>
<BR>[Called By]<UL><LI><a href="#[137]">&gt;&gt;</a>&nbsp;&nbsp;&nbsp;nrf_memobj_pool_init
</UL>

<P><STRONG><a name="[dc]"></a>nrf_ble_gatt_init</STRONG> (Thumb, 52 bytes, Stack size 16 bytes, nrf_ble_gatt.o(i.nrf_ble_gatt_init))
<BR><BR>[Stack]<UL><LI>Max Depth = 16<LI>Call Chain = nrf_ble_gatt_init
</UL>
<BR>[Calls]<UL><LI><a href="#[fd]">&gt;&gt;</a>&nbsp;&nbsp;&nbsp;link_init
</UL>
<BR>[Called By]<UL><LI><a href="#[db]">&gt;&gt;</a>&nbsp;&nbsp;&nbsp;gatt_init
</UL>

<P><STRONG><a name="[42]"></a>nrf_ble_gatt_on_ble_evt</STRONG> (Thumb, 190 bytes, Stack size 24 bytes, nrf_ble_gatt.o(i.nrf_ble_gatt_on_ble_evt))
<BR><BR>[Stack]<UL><LI>Max Depth = 352<LI>Call Chain = nrf_ble_gatt_on_ble_evt &rArr; on_connected_evt &rArr; data_length_update &rArr; nrf_log_frontend_std_2 &rArr; std_n &rArr; nrf_log_frontend_dequeue &rArr; nrf_memobj_put &rArr; nrf_memobj_free &rArr; nrf_balloc_free &rArr; app_util_critical_region_enter &rArr; sd_nvic_critical_region_enter
</UL>
<BR>[Calls]<UL><LI><a href="#[5c]">&gt;&gt;</a>&nbsp;&nbsp;&nbsp;nrf_log_frontend_std_1
<LI><a href="#[100]">&gt;&gt;</a>&nbsp;&nbsp;&nbsp;on_exchange_mtu_rsp_evt
<LI><a href="#[101]">&gt;&gt;</a>&nbsp;&nbsp;&nbsp;on_exchange_mtu_request_evt
<LI><a href="#[ff]">&gt;&gt;</a>&nbsp;&nbsp;&nbsp;on_disconnected_evt
<LI><a href="#[103]">&gt;&gt;</a>&nbsp;&nbsp;&nbsp;on_data_length_update_request_evt
<LI><a href="#[102]">&gt;&gt;</a>&nbsp;&nbsp;&nbsp;on_data_length_update_evt
<LI><a href="#[fe]">&gt;&gt;</a>&nbsp;&nbsp;&nbsp;on_connected_evt
</UL>
<BR>[Address Reference Count : 1]<UL><LI> main.o(sdh_ble_observers1)
</UL>
<P><STRONG><a name="[104]"></a>nrf_drv_clock_init</STRONG> (Thumb, 94 bytes, Stack size 8 bytes, nrf_drv_clock.o(i.nrf_drv_clock_init))
<BR><BR>[Stack]<UL><LI>Max Depth = 24<LI>Call Chain = nrf_drv_clock_init &rArr; nrf_drv_common_irq_enable
</UL>
<BR>[Calls]<UL><LI><a href="#[105]">&gt;&gt;</a>&nbsp;&nbsp;&nbsp;nrf_sdh_is_enabled
<LI><a href="#[e3]">&gt;&gt;</a>&nbsp;&nbsp;&nbsp;nrf_drv_common_irq_enable
</UL>
<BR>[Called By]<UL><LI><a href="#[49]">&gt;&gt;</a>&nbsp;&nbsp;&nbsp;sd_state_evt_handler
</UL>

<P><STRONG><a name="[106]"></a>nrf_drv_clock_lfclk_release</STRONG> (Thumb, 42 bytes, Stack size 8 bytes, nrf_drv_clock.o(i.nrf_drv_clock_lfclk_release))
<BR><BR>[Stack]<UL><LI>Max Depth = 32<LI>Call Chain = nrf_drv_clock_lfclk_release &rArr; app_util_critical_region_enter &rArr; sd_nvic_critical_region_enter
</UL>
<BR>[Calls]<UL><LI><a href="#[96]">&gt;&gt;</a>&nbsp;&nbsp;&nbsp;app_util_critical_region_exit
<LI><a href="#[94]">&gt;&gt;</a>&nbsp;&nbsp;&nbsp;app_util_critical_region_enter
<LI><a href="#[e7]">&gt;&gt;</a>&nbsp;&nbsp;&nbsp;lfclk_stop
</UL>
<BR>[Called By]<UL><LI><a href="#[49]">&gt;&gt;</a>&nbsp;&nbsp;&nbsp;sd_state_evt_handler
</UL>

<P><STRONG><a name="[e3]"></a>nrf_drv_common_irq_enable</STRONG> (Thumb, 84 bytes, Stack size 16 bytes, nrf_drv_common.o(i.nrf_drv_common_irq_enable))
<BR><BR>[Stack]<UL><LI>Max Depth = 16<LI>Call Chain = nrf_drv_common_irq_enable
</UL>
<BR>[Called By]<UL><LI><a href="#[104]">&gt;&gt;</a>&nbsp;&nbsp;&nbsp;nrf_drv_clock_init
<LI><a href="#[49]">&gt;&gt;</a>&nbsp;&nbsp;&nbsp;sd_state_evt_handler
<LI><a href="#[df]">&gt;&gt;</a>&nbsp;&nbsp;&nbsp;interrupts_enable
<LI><a href="#[84]">&gt;&gt;</a>&nbsp;&nbsp;&nbsp;nrf_drv_gpiote_init
</UL>

<P><STRONG><a name="[7e]"></a>nrf_drv_gpiote_in_event_disable</STRONG> (Thumb, 74 bytes, Stack size 16 bytes, nrf_drv_gpiote.o(i.nrf_drv_gpiote_in_event_disable))
<BR><BR>[Stack]<UL><LI>Max Depth = 24<LI>Call Chain = nrf_drv_gpiote_in_event_disable &rArr; nrf_gpio_cfg_sense_set
</UL>
<BR>[Calls]<UL><LI><a href="#[108]">&gt;&gt;</a>&nbsp;&nbsp;&nbsp;pin_in_use_by_te
<LI><a href="#[107]">&gt;&gt;</a>&nbsp;&nbsp;&nbsp;pin_in_use_by_port
<LI><a href="#[59]">&gt;&gt;</a>&nbsp;&nbsp;&nbsp;nrf_gpio_cfg_sense_set
<LI><a href="#[58]">&gt;&gt;</a>&nbsp;&nbsp;&nbsp;channel_port_get
</UL>
<BR>[Called By]<UL><LI><a href="#[7d]">&gt;&gt;</a>&nbsp;&nbsp;&nbsp;app_button_disable
</UL>

<P><STRONG><a name="[81]"></a>nrf_drv_gpiote_in_event_enable</STRONG> (Thumb, 164 bytes, Stack size 32 bytes, nrf_drv_gpiote.o(i.nrf_drv_gpiote_in_event_enable))
<BR><BR>[Stack]<UL><LI>Max Depth = 48<LI>Call Chain = nrf_drv_gpiote_in_event_enable &rArr; nrf_gpiote_event_clear
</UL>
<BR>[Calls]<UL><LI><a href="#[108]">&gt;&gt;</a>&nbsp;&nbsp;&nbsp;pin_in_use_by_te
<LI><a href="#[107]">&gt;&gt;</a>&nbsp;&nbsp;&nbsp;pin_in_use_by_port
<LI><a href="#[10a]">&gt;&gt;</a>&nbsp;&nbsp;&nbsp;nrf_gpiote_int_enable
<LI><a href="#[54]">&gt;&gt;</a>&nbsp;&nbsp;&nbsp;nrf_gpiote_event_clear
<LI><a href="#[109]">&gt;&gt;</a>&nbsp;&nbsp;&nbsp;nrf_gpio_pin_read
<LI><a href="#[59]">&gt;&gt;</a>&nbsp;&nbsp;&nbsp;nrf_gpio_cfg_sense_set
<LI><a href="#[58]">&gt;&gt;</a>&nbsp;&nbsp;&nbsp;channel_port_get
<LI><a href="#[56]">&gt;&gt;</a>&nbsp;&nbsp;&nbsp;channel_handler_get
</UL>
<BR>[Called By]<UL><LI><a href="#[80]">&gt;&gt;</a>&nbsp;&nbsp;&nbsp;app_button_enable
</UL>

<P><STRONG><a name="[85]"></a>nrf_drv_gpiote_in_init</STRONG> (Thumb, 206 bytes, Stack size 40 bytes, nrf_drv_gpiote.o(i.nrf_drv_gpiote_in_init))
<BR><BR>[Stack]<UL><LI>Max Depth = 76<LI>Call Chain = nrf_drv_gpiote_in_init &rArr; channel_port_alloc
</UL>
<BR>[Calls]<UL><LI><a href="#[10b]">&gt;&gt;</a>&nbsp;&nbsp;&nbsp;pin_in_use_by_gpiote
<LI><a href="#[10d]">&gt;&gt;</a>&nbsp;&nbsp;&nbsp;nrf_gpio_cfg
<LI><a href="#[10c]">&gt;&gt;</a>&nbsp;&nbsp;&nbsp;channel_port_alloc
</UL>
<BR>[Called By]<UL><LI><a href="#[82]">&gt;&gt;</a>&nbsp;&nbsp;&nbsp;app_button_init
</UL>

<P><STRONG><a name="[d9]"></a>nrf_drv_gpiote_in_is_set</STRONG> (Thumb, 20 bytes, Stack size 8 bytes, nrf_drv_gpiote.o(i.nrf_drv_gpiote_in_is_set))
<BR><BR>[Stack]<UL><LI>Max Depth = 8<LI>Call Chain = nrf_drv_gpiote_in_is_set
</UL>
<BR>[Calls]<UL><LI><a href="#[109]">&gt;&gt;</a>&nbsp;&nbsp;&nbsp;nrf_gpio_pin_read
</UL>
<BR>[Called By]<UL><LI><a href="#[35]">&gt;&gt;</a>&nbsp;&nbsp;&nbsp;gpiote_event_handler
<LI><a href="#[36]">&gt;&gt;</a>&nbsp;&nbsp;&nbsp;detection_delay_timeout_handler
</UL>

<P><STRONG><a name="[84]"></a>nrf_drv_gpiote_init</STRONG> (Thumb, 90 bytes, Stack size 16 bytes, nrf_drv_gpiote.o(i.nrf_drv_gpiote_init))
<BR><BR>[Stack]<UL><LI>Max Depth = 32<LI>Call Chain = nrf_drv_gpiote_init &rArr; nrf_gpiote_event_clear
</UL>
<BR>[Calls]<UL><LI><a href="#[10e]">&gt;&gt;</a>&nbsp;&nbsp;&nbsp;pin_in_use_clear
<LI><a href="#[10a]">&gt;&gt;</a>&nbsp;&nbsp;&nbsp;nrf_gpiote_int_enable
<LI><a href="#[54]">&gt;&gt;</a>&nbsp;&nbsp;&nbsp;nrf_gpiote_event_clear
<LI><a href="#[10f]">&gt;&gt;</a>&nbsp;&nbsp;&nbsp;channel_free
<LI><a href="#[e3]">&gt;&gt;</a>&nbsp;&nbsp;&nbsp;nrf_drv_common_irq_enable
</UL>
<BR>[Called By]<UL><LI><a href="#[82]">&gt;&gt;</a>&nbsp;&nbsp;&nbsp;app_button_init
</UL>

<P><STRONG><a name="[83]"></a>nrf_drv_gpiote_is_init</STRONG> (Thumb, 16 bytes, Stack size 0 bytes, nrf_drv_gpiote.o(i.nrf_drv_gpiote_is_init))
<BR><BR>[Called By]<UL><LI><a href="#[82]">&gt;&gt;</a>&nbsp;&nbsp;&nbsp;app_button_init
</UL>

<P><STRONG><a name="[110]"></a>nrf_drv_uart_init</STRONG> (Thumb, 126 bytes, Stack size 24 bytes, nrf_drv_uart.o(i.nrf_drv_uart_init))
<BR><BR>[Stack]<UL><LI>Max Depth = 84<LI>Call Chain = nrf_drv_uart_init &rArr; apply_config &rArr; nrf_gpio_cfg_input &rArr; nrf_gpio_cfg
</UL>
<BR>[Calls]<UL><LI><a href="#[df]">&gt;&gt;</a>&nbsp;&nbsp;&nbsp;interrupts_enable
<LI><a href="#[9a]">&gt;&gt;</a>&nbsp;&nbsp;&nbsp;apply_config
</UL>
<BR>[Called By]<UL><LI><a href="#[12f]">&gt;&gt;</a>&nbsp;&nbsp;&nbsp;uart_init
</UL>

<P><STRONG><a name="[111]"></a>nrf_drv_uart_tx</STRONG> (Thumb, 96 bytes, Stack size 24 bytes, nrf_drv_uart.o(i.nrf_drv_uart_tx))
<BR><BR>[Stack]<UL><LI>Max Depth = 64<LI>Call Chain = nrf_drv_uart_tx &rArr; nrf_drv_uart_tx_for_uart &rArr; tx_byte &rArr; nrf_uart_event_clear
</UL>
<BR>[Calls]<UL><LI><a href="#[113]">&gt;&gt;</a>&nbsp;&nbsp;&nbsp;nrf_drv_uart_tx_in_progress
<LI><a href="#[114]">&gt;&gt;</a>&nbsp;&nbsp;&nbsp;nrf_drv_uart_tx_for_uarte
<LI><a href="#[115]">&gt;&gt;</a>&nbsp;&nbsp;&nbsp;nrf_drv_uart_tx_for_uart
<LI><a href="#[112]">&gt;&gt;</a>&nbsp;&nbsp;&nbsp;nrf_drv_is_in_RAM
</UL>
<BR>[Called By]<UL><LI><a href="#[3a]">&gt;&gt;</a>&nbsp;&nbsp;&nbsp;serial_tx
</UL>

<P><STRONG><a name="[113]"></a>nrf_drv_uart_tx_in_progress</STRONG> (Thumb, 22 bytes, Stack size 0 bytes, nrf_drv_uart.o(i.nrf_drv_uart_tx_in_progress))
<BR><BR>[Called By]<UL><LI><a href="#[111]">&gt;&gt;</a>&nbsp;&nbsp;&nbsp;nrf_drv_uart_tx
</UL>

<P><STRONG><a name="[11b]"></a>nrf_drv_uart_uninit</STRONG> (Thumb, 130 bytes, Stack size 16 bytes, nrf_drv_uart.o(i.nrf_drv_uart_uninit))
<BR><BR>[Stack]<UL><LI>Max Depth = 84<LI>Call Chain = nrf_drv_uart_uninit &rArr; pins_to_default &rArr; nrf_gpio_cfg_default &rArr; nrf_gpio_cfg
</UL>
<BR>[Calls]<UL><LI><a href="#[11f]">&gt;&gt;</a>&nbsp;&nbsp;&nbsp;pins_to_default
<LI><a href="#[11c]">&gt;&gt;</a>&nbsp;&nbsp;&nbsp;nrf_uarte_int_disable
<LI><a href="#[11e]">&gt;&gt;</a>&nbsp;&nbsp;&nbsp;nrf_uart_int_disable
<LI><a href="#[e2]">&gt;&gt;</a>&nbsp;&nbsp;&nbsp;nrf_drv_get_IRQn
<LI><a href="#[11d]">&gt;&gt;</a>&nbsp;&nbsp;&nbsp;nrf_drv_common_irq_disable
</UL>
<BR>[Called By]<UL><LI><a href="#[3f]">&gt;&gt;</a>&nbsp;&nbsp;&nbsp;nrf_log_backend_uart_panic_set
</UL>

<P><STRONG><a name="[120]"></a>nrf_fprintf</STRONG> (Thumb, 42 bytes, Stack size 32 bytes, nrf_fprintf.o(i.nrf_fprintf))
<BR><BR>[Stack]<UL><LI>Max Depth = 216<LI>Call Chain = nrf_fprintf &rArr; nrf_fprintf_fmt &rArr; int_print &rArr; unsigned_print &rArr; buffer_add &rArr; nrf_fprintf_buffer_flush
</UL>
<BR>[Calls]<UL><LI><a href="#[121]">&gt;&gt;</a>&nbsp;&nbsp;&nbsp;nrf_fprintf_fmt
</UL>
<BR>[Called By]<UL><LI><a href="#[134]">&gt;&gt;</a>&nbsp;&nbsp;&nbsp;prefix_process
<LI><a href="#[136]">&gt;&gt;</a>&nbsp;&nbsp;&nbsp;postfix_process
<LI><a href="#[12b]">&gt;&gt;</a>&nbsp;&nbsp;&nbsp;nrf_log_std_entry_process
<LI><a href="#[12c]">&gt;&gt;</a>&nbsp;&nbsp;&nbsp;nrf_log_hexdump_entry_process
</UL>

<P><STRONG><a name="[ca]"></a>nrf_fprintf_buffer_flush</STRONG> (Thumb, 28 bytes, Stack size 16 bytes, nrf_fprintf.o(i.nrf_fprintf_buffer_flush))
<BR><BR>[Stack]<UL><LI>Max Depth = 16<LI>Call Chain = nrf_fprintf_buffer_flush
</UL>
<BR>[Called By]<UL><LI><a href="#[c9]">&gt;&gt;</a>&nbsp;&nbsp;&nbsp;buffer_add
<LI><a href="#[121]">&gt;&gt;</a>&nbsp;&nbsp;&nbsp;nrf_fprintf_fmt
<LI><a href="#[136]">&gt;&gt;</a>&nbsp;&nbsp;&nbsp;postfix_process
</UL>

<P><STRONG><a name="[121]"></a>nrf_fprintf_fmt</STRONG> (Thumb, 496 bytes, Stack size 48 bytes, nrf_fprintf_format.o(i.nrf_fprintf_fmt))
<BR><BR>[Stack]<UL><LI>Max Depth = 184<LI>Call Chain = nrf_fprintf_fmt &rArr; int_print &rArr; unsigned_print &rArr; buffer_add &rArr; nrf_fprintf_buffer_flush
</UL>
<BR>[Calls]<UL><LI><a href="#[de]">&gt;&gt;</a>&nbsp;&nbsp;&nbsp;unsigned_print
<LI><a href="#[122]">&gt;&gt;</a>&nbsp;&nbsp;&nbsp;string_print
<LI><a href="#[dd]">&gt;&gt;</a>&nbsp;&nbsp;&nbsp;int_print
<LI><a href="#[c9]">&gt;&gt;</a>&nbsp;&nbsp;&nbsp;buffer_add
<LI><a href="#[ca]">&gt;&gt;</a>&nbsp;&nbsp;&nbsp;nrf_fprintf_buffer_flush
</UL>
<BR>[Called By]<UL><LI><a href="#[120]">&gt;&gt;</a>&nbsp;&nbsp;&nbsp;nrf_fprintf
</UL>

<P><STRONG><a name="[126]"></a>nrf_log_backend_add</STRONG> (Thumb, 68 bytes, Stack size 16 bytes, nrf_log_frontend.o(i.nrf_log_backend_add))
<BR><BR>[Stack]<UL><LI>Max Depth = 16<LI>Call Chain = nrf_log_backend_add
</UL>
<BR>[Calls]<UL><LI><a href="#[127]">&gt;&gt;</a>&nbsp;&nbsp;&nbsp;backend_id_assign
</UL>
<BR>[Called By]<UL><LI><a href="#[ef]">&gt;&gt;</a>&nbsp;&nbsp;&nbsp;nrf_log_default_backends_init
</UL>

<P><STRONG><a name="[128]"></a>nrf_log_backend_serial_put</STRONG> (Thumb, 254 bytes, Stack size 112 bytes, nrf_log_backend_serial.o(i.nrf_log_backend_serial_put))
<BR><BR>[Stack]<UL><LI>Max Depth = 392<LI>Call Chain = nrf_log_backend_serial_put &rArr; nrf_log_std_entry_process &rArr; prefix_process &rArr; nrf_fprintf &rArr; nrf_fprintf_fmt &rArr; int_print &rArr; unsigned_print &rArr; buffer_add &rArr; nrf_fprintf_buffer_flush
</UL>
<BR>[Calls]<UL><LI><a href="#[12a]">&gt;&gt;</a>&nbsp;&nbsp;&nbsp;nrf_memobj_read
<LI><a href="#[12d]">&gt;&gt;</a>&nbsp;&nbsp;&nbsp;nrf_memobj_put
<LI><a href="#[129]">&gt;&gt;</a>&nbsp;&nbsp;&nbsp;nrf_memobj_get
<LI><a href="#[12b]">&gt;&gt;</a>&nbsp;&nbsp;&nbsp;nrf_log_std_entry_process
<LI><a href="#[12c]">&gt;&gt;</a>&nbsp;&nbsp;&nbsp;nrf_log_hexdump_entry_process
<LI><a href="#[78]">&gt;&gt;</a>&nbsp;&nbsp;&nbsp;__aeabi_memclr4
</UL>
<BR>[Called By]<UL><LI><a href="#[3e]">&gt;&gt;</a>&nbsp;&nbsp;&nbsp;nrf_log_backend_uart_put
</UL>

<P><STRONG><a name="[12e]"></a>nrf_log_backend_uart_init</STRONG> (Thumb, 12 bytes, Stack size 8 bytes, nrf_log_backend_uart.o(i.nrf_log_backend_uart_init))
<BR><BR>[Stack]<UL><LI>Max Depth = 416<LI>Call Chain = nrf_log_backend_uart_init &rArr; uart_init &rArr; app_error_handler &rArr; app_error_fault_handler &rArr; nrf_log_frontend_std_4 &rArr; std_n &rArr; nrf_log_frontend_dequeue &rArr; nrf_memobj_put &rArr; nrf_memobj_free &rArr; nrf_balloc_free &rArr; app_util_critical_region_enter &rArr; sd_nvic_critical_region_enter
</UL>
<BR>[Calls]<UL><LI><a href="#[12f]">&gt;&gt;</a>&nbsp;&nbsp;&nbsp;uart_init
</UL>
<BR>[Called By]<UL><LI><a href="#[ef]">&gt;&gt;</a>&nbsp;&nbsp;&nbsp;nrf_log_default_backends_init
</UL>

<P><STRONG><a name="[14a]"></a>nrf_log_color_id_get</STRONG> (Thumb, 52 bytes, Stack size 8 bytes, nrf_log_frontend.o(i.nrf_log_color_id_get))
<BR><BR>[Stack]<UL><LI>Max Depth = 8<LI>Call Chain = nrf_log_color_id_get
</UL>
<BR>[Called By]<UL><LI><a href="#[134]">&gt;&gt;</a>&nbsp;&nbsp;&nbsp;prefix_process
</UL>

<P><STRONG><a name="[ef]"></a>nrf_log_default_backends_init</STRONG> (Thumb, 32 bytes, Stack size 8 bytes, nrf_log_default_backends.o(i.nrf_log_default_backends_init))
<BR><BR>[Stack]<UL><LI>Max Depth = 424<LI>Call Chain = nrf_log_default_backends_init &rArr; nrf_log_backend_uart_init &rArr; uart_init &rArr; app_error_handler &rArr; app_error_fault_handler &rArr; nrf_log_frontend_std_4 &rArr; std_n &rArr; nrf_log_frontend_dequeue &rArr; nrf_memobj_put &rArr; nrf_memobj_free &rArr; nrf_balloc_free &rArr; app_util_critical_region_enter &rArr; sd_nvic_critical_region_enter
</UL>
<BR>[Calls]<UL><LI><a href="#[126]">&gt;&gt;</a>&nbsp;&nbsp;&nbsp;nrf_log_backend_add
<LI><a href="#[12e]">&gt;&gt;</a>&nbsp;&nbsp;&nbsp;nrf_log_backend_uart_init
</UL>
<BR>[Called By]<UL><LI><a href="#[ed]">&gt;&gt;</a>&nbsp;&nbsp;&nbsp;log_init
</UL>

<P><STRONG><a name="[5b]"></a>nrf_log_frontend_dequeue</STRONG> (Thumb, 696 bytes, Stack size 80 bytes, nrf_log_frontend.o(i.nrf_log_frontend_dequeue))
<BR><BR>[Stack]<UL><LI>Max Depth = 208<LI>Call Chain = nrf_log_frontend_dequeue &rArr; nrf_memobj_put &rArr; nrf_memobj_free &rArr; nrf_balloc_free &rArr; app_util_critical_region_enter &rArr; sd_nvic_critical_region_enter
</UL>
<BR>[Calls]<UL><LI><a href="#[96]">&gt;&gt;</a>&nbsp;&nbsp;&nbsp;app_util_critical_region_exit
<LI><a href="#[94]">&gt;&gt;</a>&nbsp;&nbsp;&nbsp;app_util_critical_region_enter
<LI><a href="#[132]">&gt;&gt;</a>&nbsp;&nbsp;&nbsp;nrf_memobj_write
<LI><a href="#[12d]">&gt;&gt;</a>&nbsp;&nbsp;&nbsp;nrf_memobj_put
<LI><a href="#[129]">&gt;&gt;</a>&nbsp;&nbsp;&nbsp;nrf_memobj_get
<LI><a href="#[131]">&gt;&gt;</a>&nbsp;&nbsp;&nbsp;nrf_memobj_alloc
<LI><a href="#[130]">&gt;&gt;</a>&nbsp;&nbsp;&nbsp;buffer_is_empty
</UL>
<BR>[Called By]<UL><LI><a href="#[31]">&gt;&gt;</a>&nbsp;&nbsp;&nbsp;main
<LI><a href="#[3b]">&gt;&gt;</a>&nbsp;&nbsp;&nbsp;app_error_fault_handler
<LI><a href="#[32]">&gt;&gt;</a>&nbsp;&nbsp;&nbsp;HardFault_c_handler
<LI><a href="#[133]">&gt;&gt;</a>&nbsp;&nbsp;&nbsp;std_n
</UL>

<P><STRONG><a name="[5f]"></a>nrf_log_frontend_std_0</STRONG> (Thumb, 20 bytes, Stack size 16 bytes, nrf_log_frontend.o(i.nrf_log_frontend_std_0))
<BR><BR>[Stack]<UL><LI>Max Depth = 264<LI>Call Chain = nrf_log_frontend_std_0 &rArr; std_n &rArr; nrf_log_frontend_dequeue &rArr; nrf_memobj_put &rArr; nrf_memobj_free &rArr; nrf_balloc_free &rArr; app_util_critical_region_enter &rArr; sd_nvic_critical_region_enter
</UL>
<BR>[Calls]<UL><LI><a href="#[133]">&gt;&gt;</a>&nbsp;&nbsp;&nbsp;std_n
</UL>
<BR>[Called By]<UL><LI><a href="#[31]">&gt;&gt;</a>&nbsp;&nbsp;&nbsp;main
<LI><a href="#[3c]">&gt;&gt;</a>&nbsp;&nbsp;&nbsp;led_write_handler
<LI><a href="#[1]">&gt;&gt;</a>&nbsp;&nbsp;&nbsp;button_event_handler
<LI><a href="#[45]">&gt;&gt;</a>&nbsp;&nbsp;&nbsp;ble_evt_handler
<LI><a href="#[3b]">&gt;&gt;</a>&nbsp;&nbsp;&nbsp;app_error_fault_handler
<LI><a href="#[32]">&gt;&gt;</a>&nbsp;&nbsp;&nbsp;HardFault_c_handler
</UL>

<P><STRONG><a name="[5c]"></a>nrf_log_frontend_std_1</STRONG> (Thumb, 24 bytes, Stack size 24 bytes, nrf_log_frontend.o(i.nrf_log_frontend_std_1))
<BR><BR>[Stack]<UL><LI>Max Depth = 272<LI>Call Chain = nrf_log_frontend_std_1 &rArr; std_n &rArr; nrf_log_frontend_dequeue &rArr; nrf_memobj_put &rArr; nrf_memobj_free &rArr; nrf_balloc_free &rArr; app_util_critical_region_enter &rArr; sd_nvic_critical_region_enter
</UL>
<BR>[Calls]<UL><LI><a href="#[133]">&gt;&gt;</a>&nbsp;&nbsp;&nbsp;std_n
</UL>
<BR>[Called By]<UL><LI><a href="#[c2]">&gt;&gt;</a>&nbsp;&nbsp;&nbsp;nrf_sdh_ble_enable
<LI><a href="#[c1]">&gt;&gt;</a>&nbsp;&nbsp;&nbsp;nrf_sdh_ble_default_cfg_set
<LI><a href="#[42]">&gt;&gt;</a>&nbsp;&nbsp;&nbsp;nrf_ble_gatt_on_ble_evt
<LI><a href="#[101]">&gt;&gt;</a>&nbsp;&nbsp;&nbsp;on_exchange_mtu_request_evt
<LI><a href="#[103]">&gt;&gt;</a>&nbsp;&nbsp;&nbsp;on_data_length_update_request_evt
<LI><a href="#[fe]">&gt;&gt;</a>&nbsp;&nbsp;&nbsp;on_connected_evt
<LI><a href="#[3b]">&gt;&gt;</a>&nbsp;&nbsp;&nbsp;app_error_fault_handler
<LI><a href="#[32]">&gt;&gt;</a>&nbsp;&nbsp;&nbsp;HardFault_c_handler
</UL>

<P><STRONG><a name="[87]"></a>nrf_log_frontend_std_2</STRONG> (Thumb, 32 bytes, Stack size 32 bytes, nrf_log_frontend.o(i.nrf_log_frontend_std_2))
<BR><BR>[Stack]<UL><LI>Max Depth = 280<LI>Call Chain = nrf_log_frontend_std_2 &rArr; std_n &rArr; nrf_log_frontend_dequeue &rArr; nrf_memobj_put &rArr; nrf_memobj_free &rArr; nrf_balloc_free &rArr; app_util_critical_region_enter &rArr; sd_nvic_critical_region_enter
</UL>
<BR>[Calls]<UL><LI><a href="#[133]">&gt;&gt;</a>&nbsp;&nbsp;&nbsp;std_n
</UL>
<BR>[Called By]<UL><LI><a href="#[c2]">&gt;&gt;</a>&nbsp;&nbsp;&nbsp;nrf_sdh_ble_enable
<LI><a href="#[d8]">&gt;&gt;</a>&nbsp;&nbsp;&nbsp;data_length_update
<LI><a href="#[3b]">&gt;&gt;</a>&nbsp;&nbsp;&nbsp;app_error_fault_handler
</UL>

<P><STRONG><a name="[5e]"></a>nrf_log_frontend_std_3</STRONG> (Thumb, 40 bytes, Stack size 40 bytes, nrf_log_frontend.o(i.nrf_log_frontend_std_3))
<BR><BR>[Stack]<UL><LI>Max Depth = 288<LI>Call Chain = nrf_log_frontend_std_3 &rArr; std_n &rArr; nrf_log_frontend_dequeue &rArr; nrf_memobj_put &rArr; nrf_memobj_free &rArr; nrf_balloc_free &rArr; app_util_critical_region_enter &rArr; sd_nvic_critical_region_enter
</UL>
<BR>[Calls]<UL><LI><a href="#[133]">&gt;&gt;</a>&nbsp;&nbsp;&nbsp;std_n
</UL>
<BR>[Called By]<UL><LI><a href="#[32]">&gt;&gt;</a>&nbsp;&nbsp;&nbsp;HardFault_c_handler
</UL>

<P><STRONG><a name="[5d]"></a>nrf_log_frontend_std_4</STRONG> (Thumb, 44 bytes, Stack size 48 bytes, nrf_log_frontend.o(i.nrf_log_frontend_std_4))
<BR><BR>[Stack]<UL><LI>Max Depth = 296<LI>Call Chain = nrf_log_frontend_std_4 &rArr; std_n &rArr; nrf_log_frontend_dequeue &rArr; nrf_memobj_put &rArr; nrf_memobj_free &rArr; nrf_balloc_free &rArr; app_util_critical_region_enter &rArr; sd_nvic_critical_region_enter
</UL>
<BR>[Calls]<UL><LI><a href="#[133]">&gt;&gt;</a>&nbsp;&nbsp;&nbsp;std_n
</UL>
<BR>[Called By]<UL><LI><a href="#[3b]">&gt;&gt;</a>&nbsp;&nbsp;&nbsp;app_error_fault_handler
<LI><a href="#[32]">&gt;&gt;</a>&nbsp;&nbsp;&nbsp;HardFault_c_handler
</UL>

<P><STRONG><a name="[12c]"></a>nrf_log_hexdump_entry_process</STRONG> (Thumb, 158 bytes, Stack size 40 bytes, nrf_log_str_formatter.o(i.nrf_log_hexdump_entry_process))
<BR><BR>[Stack]<UL><LI>Max Depth = 272<LI>Call Chain = nrf_log_hexdump_entry_process &rArr; prefix_process &rArr; nrf_fprintf &rArr; nrf_fprintf_fmt &rArr; int_print &rArr; unsigned_print &rArr; buffer_add &rArr; nrf_fprintf_buffer_flush
</UL>
<BR>[Calls]<UL><LI><a href="#[120]">&gt;&gt;</a>&nbsp;&nbsp;&nbsp;nrf_fprintf
<LI><a href="#[134]">&gt;&gt;</a>&nbsp;&nbsp;&nbsp;prefix_process
<LI><a href="#[136]">&gt;&gt;</a>&nbsp;&nbsp;&nbsp;postfix_process
<LI><a href="#[135]">&gt;&gt;</a>&nbsp;&nbsp;&nbsp;__rt_ctype_table
</UL>
<BR>[Called By]<UL><LI><a href="#[128]">&gt;&gt;</a>&nbsp;&nbsp;&nbsp;nrf_log_backend_serial_put
</UL>

<P><STRONG><a name="[ee]"></a>nrf_log_init</STRONG> (Thumb, 82 bytes, Stack size 24 bytes, nrf_log_frontend.o(i.nrf_log_init))
<BR><BR>[Stack]<UL><LI>Max Depth = 40<LI>Call Chain = nrf_log_init &rArr; nrf_memobj_pool_init &rArr; nrf_balloc_init
</UL>
<BR>[Calls]<UL><LI><a href="#[137]">&gt;&gt;</a>&nbsp;&nbsp;&nbsp;nrf_memobj_pool_init
</UL>
<BR>[Called By]<UL><LI><a href="#[ed]">&gt;&gt;</a>&nbsp;&nbsp;&nbsp;log_init
</UL>

<P><STRONG><a name="[f7]"></a>nrf_log_module_cnt_get</STRONG> (Thumb, 10 bytes, Stack size 0 bytes, nrf_log_frontend.o(i.nrf_log_module_cnt_get))
<BR><BR>[Called By]<UL><LI><a href="#[f6]">&gt;&gt;</a>&nbsp;&nbsp;&nbsp;module_idx_get
</UL>

<P><STRONG><a name="[138]"></a>nrf_log_module_name_get</STRONG> (Thumb, 30 bytes, Stack size 16 bytes, nrf_log_frontend.o(i.nrf_log_module_name_get))
<BR><BR>[Stack]<UL><LI>Max Depth = 32<LI>Call Chain = nrf_log_module_name_get &rArr; module_idx_get
</UL>
<BR>[Calls]<UL><LI><a href="#[f6]">&gt;&gt;</a>&nbsp;&nbsp;&nbsp;module_idx_get
</UL>
<BR>[Called By]<UL><LI><a href="#[134]">&gt;&gt;</a>&nbsp;&nbsp;&nbsp;prefix_process
</UL>

<P><STRONG><a name="[5a]"></a>nrf_log_panic</STRONG> (Thumb, 46 bytes, Stack size 16 bytes, nrf_log_frontend.o(i.nrf_log_panic))
<BR><BR>[Stack]<UL><LI>Max Depth = 16<LI>Call Chain = nrf_log_panic
</UL>
<BR>[Called By]<UL><LI><a href="#[3b]">&gt;&gt;</a>&nbsp;&nbsp;&nbsp;app_error_fault_handler
<LI><a href="#[32]">&gt;&gt;</a>&nbsp;&nbsp;&nbsp;HardFault_c_handler
</UL>

<P><STRONG><a name="[12b]"></a>nrf_log_std_entry_process</STRONG> (Thumb, 200 bytes, Stack size 48 bytes, nrf_log_str_formatter.o(i.nrf_log_std_entry_process))
<BR><BR>[Stack]<UL><LI>Max Depth = 280<LI>Call Chain = nrf_log_std_entry_process &rArr; prefix_process &rArr; nrf_fprintf &rArr; nrf_fprintf_fmt &rArr; int_print &rArr; unsigned_print &rArr; buffer_add &rArr; nrf_fprintf_buffer_flush
</UL>
<BR>[Calls]<UL><LI><a href="#[120]">&gt;&gt;</a>&nbsp;&nbsp;&nbsp;nrf_fprintf
<LI><a href="#[134]">&gt;&gt;</a>&nbsp;&nbsp;&nbsp;prefix_process
<LI><a href="#[136]">&gt;&gt;</a>&nbsp;&nbsp;&nbsp;postfix_process
</UL>
<BR>[Called By]<UL><LI><a href="#[128]">&gt;&gt;</a>&nbsp;&nbsp;&nbsp;nrf_log_backend_serial_put
</UL>

<P><STRONG><a name="[131]"></a>nrf_memobj_alloc</STRONG> (Thumb, 122 bytes, Stack size 40 bytes, nrf_memobj.o(i.nrf_memobj_alloc))
<BR><BR>[Stack]<UL><LI>Max Depth = 128<LI>Call Chain = nrf_memobj_alloc &rArr; nrf_memobj_free &rArr; nrf_balloc_free &rArr; app_util_critical_region_enter &rArr; sd_nvic_critical_region_enter
</UL>
<BR>[Calls]<UL><LI><a href="#[139]">&gt;&gt;</a>&nbsp;&nbsp;&nbsp;nrf_memobj_free
<LI><a href="#[f9]">&gt;&gt;</a>&nbsp;&nbsp;&nbsp;nrf_balloc_alloc
</UL>
<BR>[Called By]<UL><LI><a href="#[5b]">&gt;&gt;</a>&nbsp;&nbsp;&nbsp;nrf_log_frontend_dequeue
</UL>

<P><STRONG><a name="[139]"></a>nrf_memobj_free</STRONG> (Thumb, 64 bytes, Stack size 40 bytes, nrf_memobj.o(i.nrf_memobj_free))
<BR><BR>[Stack]<UL><LI>Max Depth = 88<LI>Call Chain = nrf_memobj_free &rArr; nrf_balloc_free &rArr; app_util_critical_region_enter &rArr; sd_nvic_critical_region_enter
</UL>
<BR>[Calls]<UL><LI><a href="#[fb]">&gt;&gt;</a>&nbsp;&nbsp;&nbsp;nrf_balloc_free
</UL>
<BR>[Called By]<UL><LI><a href="#[12d]">&gt;&gt;</a>&nbsp;&nbsp;&nbsp;nrf_memobj_put
<LI><a href="#[131]">&gt;&gt;</a>&nbsp;&nbsp;&nbsp;nrf_memobj_alloc
</UL>

<P><STRONG><a name="[129]"></a>nrf_memobj_get</STRONG> (Thumb, 30 bytes, Stack size 32 bytes, nrf_memobj.o(i.nrf_memobj_get))
<BR><BR>[Stack]<UL><LI>Max Depth = 32<LI>Call Chain = nrf_memobj_get
</UL>
<BR>[Calls]<UL><LI><a href="#[13a]">&gt;&gt;</a>&nbsp;&nbsp;&nbsp;__asm___12_nrf_memobj_c_9bb9f865__nrf_atomic_internal_add
</UL>
<BR>[Called By]<UL><LI><a href="#[5b]">&gt;&gt;</a>&nbsp;&nbsp;&nbsp;nrf_log_frontend_dequeue
<LI><a href="#[128]">&gt;&gt;</a>&nbsp;&nbsp;&nbsp;nrf_log_backend_serial_put
</UL>

<P><STRONG><a name="[137]"></a>nrf_memobj_pool_init</STRONG> (Thumb, 12 bytes, Stack size 8 bytes, nrf_memobj.o(i.nrf_memobj_pool_init))
<BR><BR>[Stack]<UL><LI>Max Depth = 16<LI>Call Chain = nrf_memobj_pool_init &rArr; nrf_balloc_init
</UL>
<BR>[Calls]<UL><LI><a href="#[13b]">&gt;&gt;</a>&nbsp;&nbsp;&nbsp;nrf_balloc_init
</UL>
<BR>[Called By]<UL><LI><a href="#[ee]">&gt;&gt;</a>&nbsp;&nbsp;&nbsp;nrf_log_init
</UL>

<P><STRONG><a name="[12d]"></a>nrf_memobj_put</STRONG> (Thumb, 48 bytes, Stack size 40 bytes, nrf_memobj.o(i.nrf_memobj_put))
<BR><BR>[Stack]<UL><LI>Max Depth = 128<LI>Call Chain = nrf_memobj_put &rArr; nrf_memobj_free &rArr; nrf_balloc_free &rArr; app_util_critical_region_enter &rArr; sd_nvic_critical_region_enter
</UL>
[...]
<LI><a href="#[122]">&gt;&gt;</a>&nbsp;&nbsp;&nbsp;string_print
<LI><a href="#[dd]">&gt;&gt;</a>&nbsp;&nbsp;&nbsp;int_print
<LI><a href="#[121]">&gt;&gt;</a>&nbsp;&nbsp;&nbsp;nrf_fprintf_fmt
</UL>

<P><STRONG><a name="[dd]"></a>int_print</STRONG> (Thumb, 190 bytes, Stack size 48 bytes, nrf_fprintf_format.o(i.int_print))
<BR><BR>[Stack]<UL><LI>Max Depth = 136<LI>Call Chain = int_print &rArr; unsigned_print &rArr; buffer_add &rArr; nrf_fprintf_buffer_flush
</UL>
<BR>[Calls]<UL><LI><a href="#[de]">&gt;&gt;</a>&nbsp;&nbsp;&nbsp;unsigned_print
<LI><a href="#[c9]">&gt;&gt;</a>&nbsp;&nbsp;&nbsp;buffer_add
</UL>
<BR>[Called By]<UL><LI><a href="#[121]">&gt;&gt;</a>&nbsp;&nbsp;&nbsp;nrf_fprintf_fmt
</UL>

<P><STRONG><a name="[122]"></a>string_print</STRONG> (Thumb, 116 bytes, Stack size 32 bytes, nrf_fprintf_format.o(i.string_print))
<BR><BR>[Stack]<UL><LI>Max Depth = 64<LI>Call Chain = string_print &rArr; buffer_add &rArr; nrf_fprintf_buffer_flush
</UL>
<BR>[Calls]<UL><LI><a href="#[c9]">&gt;&gt;</a>&nbsp;&nbsp;&nbsp;buffer_add
<LI><a href="#[157]">&gt;&gt;</a>&nbsp;&nbsp;&nbsp;strlen
</UL>
<BR>[Called By]<UL><LI><a href="#[121]">&gt;&gt;</a>&nbsp;&nbsp;&nbsp;nrf_fprintf_fmt
</UL>

<P><STRONG><a name="[de]"></a>unsigned_print</STRONG> (Thumb, 178 bytes, Stack size 56 bytes, nrf_fprintf_format.o(i.unsigned_print))
<BR><BR>[Stack]<UL><LI>Max Depth = 88<LI>Call Chain = unsigned_print &rArr; buffer_add &rArr; nrf_fprintf_buffer_flush
</UL>
<BR>[Calls]<UL><LI><a href="#[c9]">&gt;&gt;</a>&nbsp;&nbsp;&nbsp;buffer_add
</UL>
<BR>[Called By]<UL><LI><a href="#[dd]">&gt;&gt;</a>&nbsp;&nbsp;&nbsp;int_print
<LI><a href="#[121]">&gt;&gt;</a>&nbsp;&nbsp;&nbsp;nrf_fprintf_fmt
</UL>

<P><STRONG><a name="[f5]"></a>memobj_op</STRONG> (Thumb, 174 bytes, Stack size 56 bytes, nrf_memobj.o(i.memobj_op))
<BR><BR>[Stack]<UL><LI>Max Depth = 56<LI>Call Chain = memobj_op
</UL>
<BR>[Calls]<UL><LI><a href="#[b0]">&gt;&gt;</a>&nbsp;&nbsp;&nbsp;__aeabi_memcpy
</UL>
<BR>[Called By]<UL><LI><a href="#[132]">&gt;&gt;</a>&nbsp;&nbsp;&nbsp;nrf_memobj_write
<LI><a href="#[12a]">&gt;&gt;</a>&nbsp;&nbsp;&nbsp;nrf_memobj_read
</UL>

<P><STRONG><a name="[146]"></a>nrf_section_iter_item_set</STRONG> (Thumb, 46 bytes, Stack size 0 bytes, nrf_section_iter.o(i.nrf_section_iter_item_set))
<BR><BR>[Called By]<UL><LI><a href="#[140]">&gt;&gt;</a>&nbsp;&nbsp;&nbsp;nrf_section_iter_next
<LI><a href="#[13f]">&gt;&gt;</a>&nbsp;&nbsp;&nbsp;nrf_section_iter_init
</UL>

<P><STRONG><a name="[154]"></a>sdk_mapped_flags_get_by_index</STRONG> (Thumb, 18 bytes, Stack size 0 bytes, sdk_mapped_flags.o(i.sdk_mapped_flags_get_by_index))
<BR><BR>[Called By]<UL><LI><a href="#[14e]">&gt;&gt;</a>&nbsp;&nbsp;&nbsp;sdk_mapped_flags_key_list_get
<LI><a href="#[14b]">&gt;&gt;</a>&nbsp;&nbsp;&nbsp;sdk_mapped_flags_first_key_index_get
</UL>

<P><STRONG><a name="[40]"></a>nrf_log_backend_uart_flush</STRONG> (Thumb, 2 bytes, Stack size 0 bytes, nrf_log_backend_uart.o(i.nrf_log_backend_uart_flush))
<BR>[Address Reference Count : 1]<UL><LI> nrf_log_backend_uart.o(.constdata)
</UL>
<P><STRONG><a name="[3f]"></a>nrf_log_backend_uart_panic_set</STRONG> (Thumb, 18 bytes, Stack size 8 bytes, nrf_log_backend_uart.o(i.nrf_log_backend_uart_panic_set))
<BR><BR>[Stack]<UL><LI>Max Depth = 416<LI>Call Chain = nrf_log_backend_uart_panic_set &rArr; uart_init &rArr; app_error_handler &rArr; app_error_fault_handler &rArr; nrf_log_frontend_std_4 &rArr; std_n &rArr; nrf_log_frontend_dequeue &rArr; nrf_memobj_put &rArr; nrf_memobj_free &rArr; nrf_balloc_free &rArr; app_util_critical_region_enter &rArr; sd_nvic_critical_region_enter
</UL>
<BR>[Calls]<UL><LI><a href="#[11b]">&gt;&gt;</a>&nbsp;&nbsp;&nbsp;nrf_drv_uart_uninit
<LI><a href="#[12f]">&gt;&gt;</a>&nbsp;&nbsp;&nbsp;uart_init
</UL>
<BR>[Address Reference Count : 1]<UL><LI> nrf_log_backend_uart.o(.constdata)
</UL>
<P><STRONG><a name="[3e]"></a>nrf_log_backend_uart_put</STRONG> (Thumb, 24 bytes, Stack size 16 bytes, nrf_log_backend_uart.o(i.nrf_log_backend_uart_put))
<BR><BR>[Stack]<UL><LI>Max Depth = 408<LI>Call Chain = nrf_log_backend_uart_put &rArr; nrf_log_backend_serial_put &rArr; nrf_log_std_entry_process &rArr; prefix_process &rArr; nrf_fprintf &rArr; nrf_fprintf_fmt &rArr; int_print &rArr; unsigned_print &rArr; buffer_add &rArr; nrf_fprintf_buffer_flush
</UL>
<BR>[Calls]<UL><LI><a href="#[128]">&gt;&gt;</a>&nbsp;&nbsp;&nbsp;nrf_log_backend_serial_put
</UL>
<BR>[Address Reference Count : 1]<UL><LI> nrf_log_backend_uart.o(.constdata)
</UL>
<P><STRONG><a name="[3a]"></a>serial_tx</STRONG> (Thumb, 74 bytes, Stack size 32 bytes, nrf_log_backend_uart.o(i.serial_tx))
<BR><BR>[Stack]<UL><LI>Max Depth = 392<LI>Call Chain = serial_tx &rArr; app_error_handler &rArr; app_error_fault_handler &rArr; nrf_log_frontend_std_4 &rArr; std_n &rArr; nrf_log_frontend_dequeue &rArr; nrf_memobj_put &rArr; nrf_memobj_free &rArr; nrf_balloc_free &rArr; app_util_critical_region_enter &rArr; sd_nvic_critical_region_enter
</UL>
<BR>[Calls]<UL><LI><a href="#[7a]">&gt;&gt;</a>&nbsp;&nbsp;&nbsp;app_error_handler
<LI><a href="#[111]">&gt;&gt;</a>&nbsp;&nbsp;&nbsp;nrf_drv_uart_tx
</UL>
<BR>[Address Reference Count : 1]<UL><LI> nrf_log_backend_uart.o(i.nrf_log_backend_uart_put)
</UL>
<P><STRONG><a name="[3d]"></a>uart_evt_handler</STRONG> (Thumb, 8 bytes, Stack size 0 bytes, nrf_log_backend_uart.o(i.uart_evt_handler))
<BR>[Address Reference Count : 1]<UL><LI> nrf_log_backend_uart.o(i.uart_init)
</UL>
<P><STRONG><a name="[12f]"></a>uart_init</STRONG> (Thumb, 84 bytes, Stack size 48 bytes, nrf_log_backend_uart.o(i.uart_init))
<BR><BR>[Stack]<UL><LI>Max Depth = 408<LI>Call Chain = uart_init &rArr; app_error_handler &rArr; app_error_fault_handler &rArr; nrf_log_frontend_std_4 &rArr; std_n &rArr; nrf_log_frontend_dequeue &rArr; nrf_memobj_put &rArr; nrf_memobj_free &rArr; nrf_balloc_free &rArr; app_util_critical_region_enter &rArr; sd_nvic_critical_region_enter
</UL>
<BR>[Calls]<UL><LI><a href="#[7a]">&gt;&gt;</a>&nbsp;&nbsp;&nbsp;app_error_handler
<LI><a href="#[110]">&gt;&gt;</a>&nbsp;&nbsp;&nbsp;nrf_drv_uart_init
<LI><a href="#[ae]">&gt;&gt;</a>&nbsp;&nbsp;&nbsp;__aeabi_memcpy4
</UL>
<BR>[Called By]<UL><LI><a href="#[12e]">&gt;&gt;</a>&nbsp;&nbsp;&nbsp;nrf_log_backend_uart_init
<LI><a href="#[3f]">&gt;&gt;</a>&nbsp;&nbsp;&nbsp;nrf_log_backend_uart_panic_set
</UL>

<P><STRONG><a name="[127]"></a>backend_id_assign</STRONG> (Thumb, 52 bytes, Stack size 0 bytes, nrf_log_frontend.o(i.backend_id_assign))
<BR><BR>[Called By]<UL><LI><a href="#[126]">&gt;&gt;</a>&nbsp;&nbsp;&nbsp;nrf_log_backend_add
</UL>

<P><STRONG><a name="[c7]"></a>buf_prealloc</STRONG> (Thumb, 140 bytes, Stack size 40 bytes, nrf_log_frontend.o(i.buf_prealloc))
<BR><BR>[Stack]<UL><LI>Max Depth = 120<LI>Call Chain = buf_prealloc &rArr; log_skip &rArr; nrf_atomic_flag_set
</UL>
<BR>[Calls]<UL><LI><a href="#[96]">&gt;&gt;</a>&nbsp;&nbsp;&nbsp;app_util_critical_region_exit
<LI><a href="#[94]">&gt;&gt;</a>&nbsp;&nbsp;&nbsp;app_util_critical_region_enter
<LI><a href="#[c8]">&gt;&gt;</a>&nbsp;&nbsp;&nbsp;log_skip
</UL>
<BR>[Called By]<UL><LI><a href="#[133]">&gt;&gt;</a>&nbsp;&nbsp;&nbsp;std_n
</UL>

<P><STRONG><a name="[c8]"></a>log_skip</STRONG> (Thumb, 196 bytes, Stack size 56 bytes, nrf_log_frontend.o(i.log_skip))
<BR><BR>[Stack]<UL><LI>Max Depth = 80<LI>Call Chain = log_skip &rArr; nrf_atomic_flag_set
</UL>
<BR>[Calls]<UL><LI><a href="#[f1]">&gt;&gt;</a>&nbsp;&nbsp;&nbsp;__asm___18_nrf_log_frontend_c_bc460776__nrf_atomic_internal_and
<LI><a href="#[f0]">&gt;&gt;</a>&nbsp;&nbsp;&nbsp;nrf_atomic_flag_set
</UL>
<BR>[Called By]<UL><LI><a href="#[c7]">&gt;&gt;</a>&nbsp;&nbsp;&nbsp;buf_prealloc
</UL>

<P><STRONG><a name="[f6]"></a>module_idx_get</STRONG> (Thumb, 56 bytes, Stack size 16 bytes, nrf_log_frontend.o(i.module_idx_get))
<BR><BR>[Stack]<UL><LI>Max Depth = 16<LI>Call Chain = module_idx_get
</UL>
<BR>[Calls]<UL><LI><a href="#[f7]">&gt;&gt;</a>&nbsp;&nbsp;&nbsp;nrf_log_module_cnt_get
</UL>
<BR>[Called By]<UL><LI><a href="#[138]">&gt;&gt;</a>&nbsp;&nbsp;&nbsp;nrf_log_module_name_get
</UL>

<P><STRONG><a name="[f0]"></a>nrf_atomic_flag_set</STRONG> (Thumb, 22 bytes, Stack size 24 bytes, nrf_log_frontend.o(i.nrf_atomic_flag_set))
<BR><BR>[Stack]<UL><LI>Max Depth = 24<LI>Call Chain = nrf_atomic_flag_set
</UL>
<BR>[Calls]<UL><LI><a href="#[f8]">&gt;&gt;</a>&nbsp;&nbsp;&nbsp;__asm___18_nrf_log_frontend_c_bc460776__nrf_atomic_internal_orr
</UL>
<BR>[Called By]<UL><LI><a href="#[c8]">&gt;&gt;</a>&nbsp;&nbsp;&nbsp;log_skip
</UL>

<P><STRONG><a name="[156]"></a>std_header_set</STRONG> (Thumb, 76 bytes, Stack size 20 bytes, nrf_log_frontend.o(i.std_header_set))
<BR><BR>[Stack]<UL><LI>Max Depth = 20<LI>Call Chain = std_header_set
</UL>
<BR>[Called By]<UL><LI><a href="#[133]">&gt;&gt;</a>&nbsp;&nbsp;&nbsp;std_n
</UL>

<P><STRONG><a name="[133]"></a>std_n</STRONG> (Thumb, 104 bytes, Stack size 40 bytes, nrf_log_frontend.o(i.std_n))
<BR><BR>[Stack]<UL><LI>Max Depth = 248<LI>Call Chain = std_n &rArr; nrf_log_frontend_dequeue &rArr; nrf_memobj_put &rArr; nrf_memobj_free &rArr; nrf_balloc_free &rArr; app_util_critical_region_enter &rArr; sd_nvic_critical_region_enter
</UL>
<BR>[Calls]<UL><LI><a href="#[5b]">&gt;&gt;</a>&nbsp;&nbsp;&nbsp;nrf_log_frontend_dequeue
<LI><a href="#[156]">&gt;&gt;</a>&nbsp;&nbsp;&nbsp;std_header_set
<LI><a href="#[c7]">&gt;&gt;</a>&nbsp;&nbsp;&nbsp;buf_prealloc
</UL>
<BR>[Called By]<UL><LI><a href="#[5f]">&gt;&gt;</a>&nbsp;&nbsp;&nbsp;nrf_log_frontend_std_0
<LI><a href="#[87]">&gt;&gt;</a>&nbsp;&nbsp;&nbsp;nrf_log_frontend_std_2
<LI><a href="#[5c]">&gt;&gt;</a>&nbsp;&nbsp;&nbsp;nrf_log_frontend_std_1
<LI><a href="#[5d]">&gt;&gt;</a>&nbsp;&nbsp;&nbsp;nrf_log_frontend_std_4
<LI><a href="#[5e]">&gt;&gt;</a>&nbsp;&nbsp;&nbsp;nrf_log_frontend_std_3
</UL>

<P><STRONG><a name="[136]"></a>postfix_process</STRONG> (Thumb, 56 bytes, Stack size 16 bytes, nrf_log_str_formatter.o(i.postfix_process))
<BR><BR>[Stack]<UL><LI>Max Depth = 232<LI>Call Chain = postfix_process &rArr; nrf_fprintf &rArr; nrf_fprintf_fmt &rArr; int_print &rArr; unsigned_print &rArr; buffer_add &rArr; nrf_fprintf_buffer_flush
</UL>
<BR>[Calls]<UL><LI><a href="#[ca]">&gt;&gt;</a>&nbsp;&nbsp;&nbsp;nrf_fprintf_buffer_flush
<LI><a href="#[120]">&gt;&gt;</a>&nbsp;&nbsp;&nbsp;nrf_fprintf
</UL>
<BR>[Called By]<UL><LI><a href="#[12b]">&gt;&gt;</a>&nbsp;&nbsp;&nbsp;nrf_log_std_entry_process
<LI><a href="#[12c]">&gt;&gt;</a>&nbsp;&nbsp;&nbsp;nrf_log_hexdump_entry_process
</UL>

<P><STRONG><a name="[134]"></a>prefix_process</STRONG> (Thumb, 68 bytes, Stack size 16 bytes, nrf_log_str_formatter.o(i.prefix_process))
<BR><BR>[Stack]<UL><LI>Max Depth = 232<LI>Call Chain = prefix_process &rArr; nrf_fprintf &rArr; nrf_fprintf_fmt &rArr; int_print &rArr; unsigned_print &rArr; buffer_add &rArr; nrf_fprintf_buffer_flush
</UL>
<BR>[Calls]<UL><LI><a href="#[120]">&gt;&gt;</a>&nbsp;&nbsp;&nbsp;nrf_fprintf
<LI><a href="#[138]">&gt;&gt;</a>&nbsp;&nbsp;&nbsp;nrf_log_module_name_get
<LI><a href="#[14a]">&gt;&gt;</a>&nbsp;&nbsp;&nbsp;nrf_log_color_id_get
</UL>
<BR>[Called By]<UL><LI><a href="#[12b]">&gt;&gt;</a>&nbsp;&nbsp;&nbsp;nrf_log_std_entry_process
<LI><a href="#[12c]">&gt;&gt;</a>&nbsp;&nbsp;&nbsp;nrf_log_hexdump_entry_process
</UL>

<P><STRONG><a name="[151]"></a>__sd_nvic_app_accessible_irq</STRONG> (Thumb, 52 bytes, Stack size 0 bytes, nrf_sdh.o(i.__sd_nvic_app_accessible_irq))
<BR><BR>[Called By]<UL><LI><a href="#[153]">&gt;&gt;</a>&nbsp;&nbsp;&nbsp;sd_nvic_SetPriority
<LI><a href="#[150]">&gt;&gt;</a>&nbsp;&nbsp;&nbsp;sd_nvic_EnableIRQ
</UL>

<P><STRONG><a name="[152]"></a>__sd_nvic_is_app_accessible_priority</STRONG> (Thumb, 28 bytes, Stack size 0 bytes, nrf_sdh.o(i.__sd_nvic_is_app_accessible_priority))
<BR><BR>[Called By]<UL><LI><a href="#[153]">&gt;&gt;</a>&nbsp;&nbsp;&nbsp;sd_nvic_SetPriority
<LI><a href="#[150]">&gt;&gt;</a>&nbsp;&nbsp;&nbsp;sd_nvic_EnableIRQ
</UL>

<P><STRONG><a name="[145]"></a>nrf_section_iter_get</STRONG> (Thumb, 6 bytes, Stack size 0 bytes, nrf_sdh.o(i.nrf_section_iter_get))
<BR><BR>[Called By]<UL><LI><a href="#[69]">&gt;&gt;</a>&nbsp;&nbsp;&nbsp;nrf_sdh_evts_poll
<LI><a href="#[142]">&gt;&gt;</a>&nbsp;&nbsp;&nbsp;sdh_state_observer_notify
<LI><a href="#[141]">&gt;&gt;</a>&nbsp;&nbsp;&nbsp;sdh_request_observer_notify
</UL>

<P><STRONG><a name="[150]"></a>sd_nvic_EnableIRQ</STRONG> (Thumb, 124 bytes, Stack size 16 bytes, nrf_sdh.o(i.sd_nvic_EnableIRQ))
<BR><BR>[Stack]<UL><LI>Max Depth = 16<LI>Call Chain = sd_nvic_EnableIRQ
</UL>
<BR>[Calls]<UL><LI><a href="#[152]">&gt;&gt;</a>&nbsp;&nbsp;&nbsp;__sd_nvic_is_app_accessible_priority
<LI><a href="#[151]">&gt;&gt;</a>&nbsp;&nbsp;&nbsp;__sd_nvic_app_accessible_irq
</UL>
<BR>[Called By]<UL><LI><a href="#[144]">&gt;&gt;</a>&nbsp;&nbsp;&nbsp;softdevices_evt_irq_enable
</UL>

<P><STRONG><a name="[153]"></a>sd_nvic_SetPriority</STRONG> (Thumb, 72 bytes, Stack size 16 bytes, nrf_sdh.o(i.sd_nvic_SetPriority))
<BR><BR>[Stack]<UL><LI>Max Depth = 16<LI>Call Chain = sd_nvic_SetPriority
</UL>
<BR>[Calls]<UL><LI><a href="#[152]">&gt;&gt;</a>&nbsp;&nbsp;&nbsp;__sd_nvic_is_app_accessible_priority
<LI><a href="#[151]">&gt;&gt;</a>&nbsp;&nbsp;&nbsp;__sd_nvic_app_accessible_irq
</UL>
<BR>[Called By]<UL><LI><a href="#[143]">&gt;&gt;</a>&nbsp;&nbsp;&nbsp;swi_interrupt_priority_workaround
</UL>

<P><STRONG><a name="[141]"></a>sdh_request_observer_notify</STRONG> (Thumb, 56 bytes, Stack size 32 bytes, nrf_sdh.o(i.sdh_request_observer_notify))
<BR><BR>[Stack]<UL><LI>Max Depth = 48<LI>Call Chain = sdh_request_observer_notify &rArr; nrf_section_iter_init
</UL>
<BR>[Calls]<UL><LI><a href="#[140]">&gt;&gt;</a>&nbsp;&nbsp;&nbsp;nrf_section_iter_next
<LI><a href="#[13f]">&gt;&gt;</a>&nbsp;&nbsp;&nbsp;nrf_section_iter_init
<LI><a href="#[145]">&gt;&gt;</a>&nbsp;&nbsp;&nbsp;nrf_section_iter_get
</UL>
<BR>[Called By]<UL><LI><a href="#[c0]">&gt;&gt;</a>&nbsp;&nbsp;&nbsp;nrf_sdh_enable_request
</UL>

<P><STRONG><a name="[142]"></a>sdh_state_observer_notify</STRONG> (Thumb, 48 bytes, Stack size 32 bytes, nrf_sdh.o(i.sdh_state_observer_notify))
<BR><BR>[Stack]<UL><LI>Max Depth = 48<LI>Call Chain = sdh_state_observer_notify &rArr; nrf_section_iter_init
</UL>
<BR>[Calls]<UL><LI><a href="#[140]">&gt;&gt;</a>&nbsp;&nbsp;&nbsp;nrf_section_iter_next
<LI><a href="#[13f]">&gt;&gt;</a>&nbsp;&nbsp;&nbsp;nrf_section_iter_init
<LI><a href="#[145]">&gt;&gt;</a>&nbsp;&nbsp;&nbsp;nrf_section_iter_get
</UL>
<BR>[Called By]<UL><LI><a href="#[c0]">&gt;&gt;</a>&nbsp;&nbsp;&nbsp;nrf_sdh_enable_request
</UL>

<P><STRONG><a name="[144]"></a>softdevices_evt_irq_enable</STRONG> (Thumb, 34 bytes, Stack size 16 bytes, nrf_sdh.o(i.softdevices_evt_irq_enable))
<BR><BR>[Stack]<UL><LI>Max Depth = 376<LI>Call Chain = softdevices_evt_irq_enable &rArr; app_error_handler &rArr; app_error_fault_handler &rArr; nrf_log_frontend_std_4 &rArr; std_n &rArr; nrf_log_frontend_dequeue &rArr; nrf_memobj_put &rArr; nrf_memobj_free &rArr; nrf_balloc_free &rArr; app_util_critical_region_enter &rArr; sd_nvic_critical_region_enter
</UL>
<BR>[Calls]<UL><LI><a href="#[7a]">&gt;&gt;</a>&nbsp;&nbsp;&nbsp;app_error_handler
<LI><a href="#[150]">&gt;&gt;</a>&nbsp;&nbsp;&nbsp;sd_nvic_EnableIRQ
</UL>
<BR>[Called By]<UL><LI><a href="#[c0]">&gt;&gt;</a>&nbsp;&nbsp;&nbsp;nrf_sdh_enable_request
</UL>

<P><STRONG><a name="[143]"></a>swi_interrupt_priority_workaround</STRONG> (Thumb, 68 bytes, Stack size 16 bytes, nrf_sdh.o(i.swi_interrupt_priority_workaround))
<BR><BR>[Stack]<UL><LI>Max Depth = 376<LI>Call Chain = swi_interrupt_priority_workaround &rArr; app_error_handler &rArr; app_error_fault_handler &rArr; nrf_log_frontend_std_4 &rArr; std_n &rArr; nrf_log_frontend_dequeue &rArr; nrf_memobj_put &rArr; nrf_memobj_free &rArr; nrf_balloc_free &rArr; app_util_critical_region_enter &rArr; sd_nvic_critical_region_enter
</UL>
<BR>[Calls]<UL><LI><a href="#[7a]">&gt;&gt;</a>&nbsp;&nbsp;&nbsp;app_error_handler
<LI><a href="#[153]">&gt;&gt;</a>&nbsp;&nbsp;&nbsp;sd_nvic_SetPriority
</UL>
<BR>[Called By]<UL><LI><a href="#[c0]">&gt;&gt;</a>&nbsp;&nbsp;&nbsp;nrf_sdh_enable_request
</UL>

<P><STRONG><a name="[47]"></a>nrf_sdh_ble_evts_poll</STRONG> (Thumb, 98 bytes, Stack size 96 bytes, nrf_sdh_ble.o(i.nrf_sdh_ble_evts_poll))
<BR><BR>[Stack]<UL><LI>Max Depth = 456<LI>Call Chain = nrf_sdh_ble_evts_poll &rArr; app_error_handler &rArr; app_error_fault_handler &rArr; nrf_log_frontend_std_4 &rArr; std_n &rArr; nrf_log_frontend_dequeue &rArr; nrf_memobj_put &rArr; nrf_memobj_free &rArr; nrf_balloc_free &rArr; app_util_critical_region_enter &rArr; sd_nvic_critical_region_enter
</UL>
<BR>[Calls]<UL><LI><a href="#[7a]">&gt;&gt;</a>&nbsp;&nbsp;&nbsp;app_error_handler
<LI><a href="#[140]">&gt;&gt;</a>&nbsp;&nbsp;&nbsp;nrf_section_iter_next
<LI><a href="#[13f]">&gt;&gt;</a>&nbsp;&nbsp;&nbsp;nrf_section_iter_init
</UL>
<BR>[Address Reference Count : 1]<UL><LI> nrf_sdh_ble.o(sdh_stack_observers0)
</UL>
<P><STRONG><a name="[13e]"></a>ram_end_address_get</STRONG> (Thumb, 12 bytes, Stack size 0 bytes, nrf_sdh_ble.o(i.ram_end_address_get))
<BR><BR>[Called By]<UL><LI><a href="#[c2]">&gt;&gt;</a>&nbsp;&nbsp;&nbsp;nrf_sdh_ble_enable
</UL>

<P><STRONG><a name="[48]"></a>nrf_sdh_soc_evts_poll</STRONG> (Thumb, 84 bytes, Stack size 40 bytes, nrf_sdh_soc.o(i.nrf_sdh_soc_evts_poll))
<BR><BR>[Stack]<UL><LI>Max Depth = 400<LI>Call Chain = nrf_sdh_soc_evts_poll &rArr; app_error_handler &rArr; app_error_fault_handler &rArr; nrf_log_frontend_std_4 &rArr; std_n &rArr; nrf_log_frontend_dequeue &rArr; nrf_memobj_put &rArr; nrf_memobj_free &rArr; nrf_balloc_free &rArr; app_util_critical_region_enter &rArr; sd_nvic_critical_region_enter
</UL>
<BR>[Calls]<UL><LI><a href="#[7a]">&gt;&gt;</a>&nbsp;&nbsp;&nbsp;app_error_handler
<LI><a href="#[140]">&gt;&gt;</a>&nbsp;&nbsp;&nbsp;nrf_section_iter_next
<LI><a href="#[13f]">&gt;&gt;</a>&nbsp;&nbsp;&nbsp;nrf_section_iter_init
</UL>
<BR>[Address Reference Count : 1]<UL><LI> nrf_sdh_soc.o(sdh_stack_observers0)
</UL>
<P><STRONG><a name="[72]"></a>errata_108</STRONG> (Thumb, 78 bytes, Stack size 0 bytes, system_nrf52.o(i.errata_108))
<BR><BR>[Called By]<UL><LI><a href="#[33]">&gt;&gt;</a>&nbsp;&nbsp;&nbsp;SystemInit
</UL>

<P><STRONG><a name="[6a]"></a>errata_12</STRONG> (Thumb, 78 bytes, Stack size 0 bytes, system_nrf52.o(i.errata_12))
<BR><BR>[Called By]<UL><LI><a href="#[33]">&gt;&gt;</a>&nbsp;&nbsp;&nbsp;SystemInit
</UL>

<P><STRONG><a name="[73]"></a>errata_136</STRONG> (Thumb, 78 bytes, Stack size 0 bytes, system_nrf52.o(i.errata_136))
<BR><BR>[Called By]<UL><LI><a href="#[33]">&gt;&gt;</a>&nbsp;&nbsp;&nbsp;SystemInit
</UL>

<P><STRONG><a name="[6b]"></a>errata_16</STRONG> (Thumb, 42 bytes, Stack size 0 bytes, system_nrf52.o(i.errata_16))
<BR><BR>[Called By]<UL><LI><a href="#[33]">&gt;&gt;</a>&nbsp;&nbsp;&nbsp;SystemInit
</UL>

<P><STRONG><a name="[6c]"></a>errata_31</STRONG> (Thumb, 78 bytes, Stack size 0 bytes, system_nrf52.o(i.errata_31))
<BR><BR>[Called By]<UL><LI><a href="#[33]">&gt;&gt;</a>&nbsp;&nbsp;&nbsp;SystemInit
</UL>

<P><STRONG><a name="[6d]"></a>errata_32</STRONG> (Thumb, 42 bytes, Stack size 0 bytes, system_nrf52.o(i.errata_32))
<BR><BR>[Called By]<UL><LI><a href="#[33]">&gt;&gt;</a>&nbsp;&nbsp;&nbsp;SystemInit
</UL>

<P><STRONG><a name="[6e]"></a>errata_36</STRONG> (Thumb, 78 bytes, Stack size 0 bytes, system_nrf52.o(i.errata_36))
<BR><BR>[Called By]<UL><LI><a href="#[33]">&gt;&gt;</a>&nbsp;&nbsp;&nbsp;SystemInit
</UL>

<P><STRONG><a name="[6f]"></a>errata_37</STRONG> (Thumb, 42 bytes, Stack size 0 bytes, system_nrf52.o(i.errata_37))
<BR><BR>[Called By]<UL><LI><a href="#[33]">&gt;&gt;</a>&nbsp;&nbsp;&nbsp;SystemInit
</UL>

<P><STRONG><a name="[70]"></a>errata_57</STRONG> (Thumb, 42 bytes, Stack size 0 bytes, system_nrf52.o(i.errata_57))
<BR><BR>[Called By]<UL><LI><a href="#[33]">&gt;&gt;</a>&nbsp;&nbsp;&nbsp;SystemInit
</UL>

<P><STRONG><a name="[71]"></a>errata_66</STRONG> (Thumb, 42 bytes, Stack size 0 bytes, system_nrf52.o(i.errata_66))
<BR><BR>[Called By]<UL><LI><a href="#[33]">&gt;&gt;</a>&nbsp;&nbsp;&nbsp;SystemInit
</UL>
<P>
<H3>
Undefined Global Symbols
</H3><HR></body></html>
