<html>
<body>
<pre>
<h1>µVision Build Log</h1>
<h2>Tool Versions:</h2>
IDE-Version: µVision V5.21.0.0
Copyright (C) 2016 ARM Ltd and ARM Germany GmbH. All rights reserved.
License Information: Håkon Sigurd Holdhus, Nordic Semiconductor, LIC=FQQNQ-7WLWA-E44W0-964BC-ZYPSS-1LVYC
 
Tool Versions:
Toolchain:       MDK-ARM Professional  Version: 5.21
Toolchain Path:  C:\Keil_v5\ARM\ARMCC\Bin
C Compiler:      Armcc.exe V5.06 update 3 (build 300)
Assembler:       Armasm.exe V5.06 update 3 (build 300)
Linker/Locator:  ArmLink.exe V5.06 update 3 (build 300)
Library Manager: ArmAr.exe V5.06 update 3 (build 300)
Hex Converter:   FromElf.exe V5.06 update 3 (build 300)
CPU DLL:         
Dialog DLL:      
Target DLL:      Segger\JL2CM3.dll V2.99.23.0
Dialog DLL:      TCM.DLL V1.14.14.0
 
<h2>Project:</h2>
C:\Users\haho\Documents\nRF_SDK\nRF5_SDK_14.2\examples\ble_peripheral\MMD\pca10040\s132\arm5_no_packs\ble_app_blinky_pca10040_s132.uvprojx
Project File Date:  03/14/2018

<h2>Output:</h2>
*** Using Compiler 'V5.06 update 3 (build 300)', folder: 'C:\Keil_v5\ARM\ARMCC\Bin'
Rebuild target 'nrf52832_xxaa'
assembling JLINK_MONITOR_ISR_ARM.s...
compiling main.c...
compiling boards.c...
compiling JLINK_MONITOR.c...
compiling ble_advdata.c...
compiling ble_conn_state.c...
compiling ble_conn_params.c...
compiling ble_lbs.c...
compiling ble_srv_common.c...
compiling nrf_ble_gatt.c...
compiling nrf_drv_common.c...
compiling nrf_drv_clock.c...
compiling nrf_drv_gpiote.c...
compiling nrf_drv_uart.c...
compiling app_button.c...
compiling app_error.c...
compiling app_timer.c...
compiling app_error_weak.c...
compiling app_scheduler.c...
compiling nrf_assert.c...
compiling app_util_platform.c...
compiling hardfault_implementation.c...
compiling nrf_fprintf.c...
compiling nrf_balloc.c...
compiling nrf_atfifo.c...
compiling nrf_memobj.c...
compiling nrf_fprintf_format.c...
compiling nrf_pwr_mgmt.c...
compiling nrf_strerror.c...
compiling nrf_section_iter.c...
compiling sdk_mapped_flags.c...
compiling hardfault_handler_keil.c...
compiling nrf_log_backend_rtt.c...
compiling nrf_log_backend_serial.c...
compiling nrf_log_backend_uart.c...
compiling nrf_log_default_backends.c...
compiling nrf_log_str_formatter.c...
compiling nrf_log_frontend.c...
compiling SEGGER_RTT_printf.c...
compiling SEGGER_RTT.c...
compiling SEGGER_RTT_Syscalls_KEIL.c...
compiling nrf_sdh.c...
compiling nrf_sdh_ble.c...
compiling nrf_sdh_soc.c...
assembling arm_startup_nrf52.s...
compiling system_nrf52.c...
linking...
Program Size: Code=25680 RO-data=4548 RW-data=408 ZI-data=10296  
FromELF: creating hex file...
".\_build\nrf52832_xxaa.axf" - 0 Error(s), 0 Warning(s).

<h2>Software Packages used:</h2>

Package Vendor: ARM
                http://www.keil.com/pack/ARM.CMSIS.4.5.0.pack
                ARM::CMSIS:CORE:4.3.0
                CMSIS (Cortex Microcontroller Software Interface Standard)
   * Component: CORE Version: 4.3.0

Package Vendor: NordicSemiconductor
                http://developer.nordicsemi.com/nRF5_SDK/pieces/nRF_DeviceFamilyPack/NordicSemiconductor.nRF_DeviceFamilyPack.8.15.0.pack
                NordicSemiconductor::Device:Startup:8.15.0
                Nordic Semiconductor nRF ARM devices Device Family Pack.
   * Component: Startup Version: 8.15.0

<h2>Collection of Component include folders:</h2>
  C:\Users\haho\Documents\nRF_SDK\nRF5_SDK_14.2\examples\ble_peripheral\MMD\pca10040\s132\arm5_no_packs\RTE
  C:\Keil_v5\ARM\PACK\ARM\CMSIS\4.5.0\CMSIS\Include
  C:\Keil_v5\ARM\PACK\NordicSemiconductor\nRF_DeviceFamilyPack\8.15.0\Device\Include

<h2>Collection of Component Files used:</h2>

   * Component: ARM::CMSIS:CORE:4.3.0

   * Component: NordicSemiconductor::Device:Startup:8.15.0
      Source file:   Device\Source\arm\arm_startup_nrf52.s
      Source file:   Device\Source\system_nrf52.c
      Include file:  Device\Include\system_nrf52.h
Build Time Elapsed:  00:00:52
</pre>
</body>
</html>
